Archive member included to satisfy reference by file (symbol)

C:/Users/yoshi/.pico-sdk/toolchain/13_2_Rel1/bin/../lib/gcc/arm-none-eabi/13.2.1/thumb/v6-m/nofp\libgcc.a(_dvmd_tls.o)
                              CMakeFiles/HCSR04-Ultraschallsensor.dir/C_/Users/yoshi/.pico-sdk/sdk/2.0.0/src/rp2_common/pico_divider/divider_hardware.S.obj (__aeabi_idiv0)
C:/Users/yoshi/.pico-sdk/toolchain/13_2_Rel1/bin/../lib/gcc/arm-none-eabi/13.2.1/thumb/v6-m/nofp\libg.a(libc_a-calloc.o)
                              CMakeFiles/HCSR04-Ultraschallsensor.dir/C_/Users/yoshi/.pico-sdk/sdk/2.0.0/src/rp2_common/pico_malloc/malloc.c.obj (calloc)
C:/Users/yoshi/.pico-sdk/toolchain/13_2_Rel1/bin/../lib/gcc/arm-none-eabi/13.2.1/thumb/v6-m/nofp\libg.a(libc_a-callocr.o)
                              C:/Users/yoshi/.pico-sdk/toolchain/13_2_Rel1/bin/../lib/gcc/arm-none-eabi/13.2.1/thumb/v6-m/nofp\libg.a(libc_a-calloc.o) (_calloc_r)
C:/Users/yoshi/.pico-sdk/toolchain/13_2_Rel1/bin/../lib/gcc/arm-none-eabi/13.2.1/thumb/v6-m/nofp\libg.a(libc_a-malloc.o)
                              CMakeFiles/HCSR04-Ultraschallsensor.dir/C_/Users/yoshi/.pico-sdk/sdk/2.0.0/src/rp2_common/pico_malloc/malloc.c.obj (malloc)
C:/Users/yoshi/.pico-sdk/toolchain/13_2_Rel1/bin/../lib/gcc/arm-none-eabi/13.2.1/thumb/v6-m/nofp\libg.a(libc_a-mallocr.o)
                              C:/Users/yoshi/.pico-sdk/toolchain/13_2_Rel1/bin/../lib/gcc/arm-none-eabi/13.2.1/thumb/v6-m/nofp\libg.a(libc_a-callocr.o) (_malloc_r)
C:/Users/yoshi/.pico-sdk/toolchain/13_2_Rel1/bin/../lib/gcc/arm-none-eabi/13.2.1/thumb/v6-m/nofp\libg.a(libc_a-mlock.o)
                              C:/Users/yoshi/.pico-sdk/toolchain/13_2_Rel1/bin/../lib/gcc/arm-none-eabi/13.2.1/thumb/v6-m/nofp\libg.a(libc_a-mallocr.o) (__malloc_lock)
C:/Users/yoshi/.pico-sdk/toolchain/13_2_Rel1/bin/../lib/gcc/arm-none-eabi/13.2.1/thumb/v6-m/nofp\libg.a(libc_a-realloc.o)
                              CMakeFiles/HCSR04-Ultraschallsensor.dir/C_/Users/yoshi/.pico-sdk/sdk/2.0.0/src/rp2_common/pico_malloc/malloc.c.obj (realloc)
C:/Users/yoshi/.pico-sdk/toolchain/13_2_Rel1/bin/../lib/gcc/arm-none-eabi/13.2.1/thumb/v6-m/nofp\libg.a(libc_a-reallocr.o)
                              C:/Users/yoshi/.pico-sdk/toolchain/13_2_Rel1/bin/../lib/gcc/arm-none-eabi/13.2.1/thumb/v6-m/nofp\libg.a(libc_a-realloc.o) (_realloc_r)
C:/Users/yoshi/.pico-sdk/toolchain/13_2_Rel1/bin/../lib/gcc/arm-none-eabi/13.2.1/thumb/v6-m/nofp\libg.a(libc_a-ctype_.o)
                              CMakeFiles/HCSR04-Ultraschallsensor.dir/C_/Users/yoshi/.pico-sdk/sdk/2.0.0/lib/tinyusb/src/tusb.c.obj (_ctype_)
C:/Users/yoshi/.pico-sdk/toolchain/13_2_Rel1/bin/../lib/gcc/arm-none-eabi/13.2.1/thumb/v6-m/nofp\libg.a(libc_a-memcmp.o)
                              CMakeFiles/HCSR04-Ultraschallsensor.dir/C_/Users/yoshi/.pico-sdk/sdk/2.0.0/src/rp2_common/pico_atomic/atomic.c.obj (memcmp)
C:/Users/yoshi/.pico-sdk/toolchain/13_2_Rel1/bin/../lib/gcc/arm-none-eabi/13.2.1/thumb/v6-m/nofp\libg.a(libc_a-memmove.o)
                              C:/Users/yoshi/.pico-sdk/toolchain/13_2_Rel1/bin/../lib/gcc/arm-none-eabi/13.2.1/thumb/v6-m/nofp\libg.a(libc_a-reallocr.o) (memmove)
C:/Users/yoshi/.pico-sdk/toolchain/13_2_Rel1/bin/../lib/gcc/arm-none-eabi/13.2.1/thumb/v6-m/nofp\libg.a(libc_a-lcltime_r.o)
                              CMakeFiles/HCSR04-Ultraschallsensor.dir/C_/Users/yoshi/.pico-sdk/sdk/2.0.0/src/common/pico_util/datetime.c.obj (localtime_r)
C:/Users/yoshi/.pico-sdk/toolchain/13_2_Rel1/bin/../lib/gcc/arm-none-eabi/13.2.1/thumb/v6-m/nofp\libg.a(libc_a-mktime.o)
                              CMakeFiles/HCSR04-Ultraschallsensor.dir/C_/Users/yoshi/.pico-sdk/sdk/2.0.0/src/common/pico_util/datetime.c.obj (mktime)
C:/Users/yoshi/.pico-sdk/toolchain/13_2_Rel1/bin/../lib/gcc/arm-none-eabi/13.2.1/thumb/v6-m/nofp\libg.a(libc_a-month_lengths.o)
                              C:/Users/yoshi/.pico-sdk/toolchain/13_2_Rel1/bin/../lib/gcc/arm-none-eabi/13.2.1/thumb/v6-m/nofp\libg.a(libc_a-lcltime_r.o) (__month_lengths)
C:/Users/yoshi/.pico-sdk/toolchain/13_2_Rel1/bin/../lib/gcc/arm-none-eabi/13.2.1/thumb/v6-m/nofp\libg.a(libc_a-tzcalc_limits.o)
                              C:/Users/yoshi/.pico-sdk/toolchain/13_2_Rel1/bin/../lib/gcc/arm-none-eabi/13.2.1/thumb/v6-m/nofp\libg.a(libc_a-lcltime_r.o) (__tzcalc_limits)
C:/Users/yoshi/.pico-sdk/toolchain/13_2_Rel1/bin/../lib/gcc/arm-none-eabi/13.2.1/thumb/v6-m/nofp\libg.a(libc_a-tzlock.o)
                              C:/Users/yoshi/.pico-sdk/toolchain/13_2_Rel1/bin/../lib/gcc/arm-none-eabi/13.2.1/thumb/v6-m/nofp\libg.a(libc_a-lcltime_r.o) (__tz_lock)
C:/Users/yoshi/.pico-sdk/toolchain/13_2_Rel1/bin/../lib/gcc/arm-none-eabi/13.2.1/thumb/v6-m/nofp\libg.a(libc_a-tzset.o)
                              C:/Users/yoshi/.pico-sdk/toolchain/13_2_Rel1/bin/../lib/gcc/arm-none-eabi/13.2.1/thumb/v6-m/nofp\libg.a(libc_a-lcltime_r.o) (_tzset_unlocked)
[...]
Memory Configuration

Name             Origin             Length             Attributes
FLASH            0x10000000         0x00200000         xr
RAM              0x20000000         0x00040000         xrw
SCRATCH_X        0x20040000         0x00001000         xrw
SCRATCH_Y        0x20041000         0x00001000         xrw
*default*        0x00000000         0xffffffff

Linker script and memory map

LOAD C:/Users/yoshi/.pico-sdk/toolchain/13_2_Rel1/bin/../lib/gcc/arm-none-eabi/13.2.1/thumb/v6-m/nofp/crti.o
LOAD C:/Users/yoshi/.pico-sdk/toolchain/13_2_Rel1/bin/../lib/gcc/arm-none-eabi/13.2.1/thumb/v6-m/nofp/crtbegin.o
LOAD C:/Users/yoshi/.pico-sdk/toolchain/13_2_Rel1/bin/../lib/gcc/arm-none-eabi/13.2.1/thumb/v6-m/nofp/crt0.o

.flash_begin    0x10000000        0x0
                0x10000000                        __flash_binary_start = .

.boot2          0x10000000      0x100
                0x10000000                        __boot2_start__ = .
 *(.boot2)
 .boot2         0x10000000      0x100 C:\Users\yoshi\AppData\Local\Temp\ccaWrDNG.o
                0x10000100                        __boot2_end__ = .
                0x00000001                        ASSERT (((__boot2_end__ - __boot2_start__) == 0x100), ERROR: Pico second stage bootloader must be 256 bytes in size)

.text           0x10000100     0x62a4
                0x10000100                        __logical_binary_start = .
 *(.vectors)
 .vectors       0x10000100       0xd4 CMakeFiles/HCSR04-Ultraschallsensor.dir/C_/Users/yoshi/.pico-sdk/sdk/2.0.0/src/rp2_common/pico_crt0/crt0.S.obj
                0x10000100                __VECTOR_TABLE
                0x10000100                __vectors
                0x100001c0                isr_invalid
                0x100001c0                __default_isrs_start
                0x100001c2                isr_nmi
                0x100001c4                isr_hardfault
                0x100001c6                isr_svcall
                0x100001c8                isr_pendsv
                0x100001ca                isr_systick
                0x100001cc                isr_irq23
                0x100001cc                isr_irq18
                0x100001cc                isr_irq11
                0x100001cc                isr_irq28
                0x100001cc                isr_irq19
                0x100001cc                isr_irq0
                0x100001cc                isr_irq6
                0x100001cc                isr_irq5
                0x100001cc                isr_irq12
                0x100001cc                isr_irq22
                0x100001cc                isr_irq31
                0x100001cc                isr_irq17
                0x100001cc                isr_irq27
                0x100001cc                isr_irq30
                0x100001cc                isr_irq2
                0x100001cc                isr_irq10
                0x100001cc                isr_irq8
                0x100001cc                isr_irq24
                0x100001cc                isr_irq1
                0x100001cc                isr_irq7
                0x100001cc                isr_irq21
                0x100001cc                isr_irq20
                0x100001cc                isr_irq15
                0x100001cc                isr_irq25
                0x100001cc                isr_irq13
                0x100001cc                __unhandled_user_irq
                0x100001cc                isr_irq4
                0x100001cc                isr_irq16
                0x100001cc                isr_irq29
                0x100001cc                isr_irq26
                0x100001cc                __default_isrs_end
                0x100001cc                isr_irq3
                0x100001cc                isr_irq14
                0x100001cc                isr_irq9
                0x100001d2                unhandled_user_irq_num_in_r0
 *(.binary_info_header)
 .binary_info_header
                0x100001d4       0x14 CMakeFiles/HCSR04-Ultraschallsensor.dir/C_/Users/yoshi/.pico-sdk/sdk/2.0.0/src/rp2_common/pico_crt0/crt0.S.obj
                0x100001e8                        __binary_info_header_end = .
 *(.embedded_block)
                0x100001e8                        __embedded_block_end = .
 *(.reset)
 .reset         0x100001e8       0x9c CMakeFiles/HCSR04-Ultraschallsensor.dir/C_/Users/yoshi/.pico-sdk/sdk/2.0.0/src/rp2_common/pico_crt0/crt0.S.obj
                0x100001e8                _entry_point
 *(.init)
 .init          0x10000284        0x4 C:/Users/yoshi/.pico-sdk/toolchain/13_2_Rel1/bin/../lib/gcc/arm-none-eabi/13.2.1/thumb/v6-m/nofp/crti.o
                0x10000284                _init
 *(EXCLUDE_FILE(*libm.a: *libc.a:*lib_a-mem*.o *libgcc.a:) .text*)
 .text.register_tm_clones
                0x10000288       0x28 C:/Users/yoshi/.pico-sdk/toolchain/13_2_Rel1/bin/../lib/gcc/arm-none-eabi/13.2.1/thumb/v6-m/nofp/crtbegin.o
 .text.frame_dummy
                0x100002b0       0x24 C:/Users/yoshi/.pico-sdk/toolchain/13_2_Rel1/bin/../lib/gcc/arm-none-eabi/13.2.1/thumb/v6-m/nofp/crtbegin.o
 .text._Z15init_ultrasonicv
                0x100002d4       0x1c CMakeFiles/HCSR04-Ultraschallsensor.dir/HCSR04-Ultraschallsensor.cpp.obj
                0x100002d4                init_ultrasonic()
 .text._Z12init_speakerv
                0x100002f0       0x16 CMakeFiles/HCSR04-Ultraschallsensor.dir/HCSR04-Ultraschallsensor.cpp.obj
                0x100002f0                init_speaker()
 *fill*         0x10000306        0x2 
 .text._Z10play_soundfi
                0x10000308       0x3c CMakeFiles/HCSR04-Ultraschallsensor.dir/HCSR04-Ultraschallsensor.cpp.obj
                0x10000308                play_sound(float, int)
 .text._Z19calculate_wait_timef
                0x10000344       0x48 CMakeFiles/HCSR04-Ultraschallsensor.dir/HCSR04-Ultraschallsensor.cpp.obj
                0x10000344                calculate_wait_time(float)
 .text._Z16measure_distancev
                0x1000038c       0x68 CMakeFiles/HCSR04-Ultraschallsensor.dir/HCSR04-Ultraschallsensor.cpp.obj
                0x1000038c                measure_distance()
 .text.main     0x100003f4       0x48 CMakeFiles/HCSR04-Ultraschallsensor.dir/HCSR04-Ultraschallsensor.cpp.obj
                0x100003f4                main
 .text.gpio_set_function
                0x1000043c       0x34 CMakeFiles/HCSR04-Ultraschallsensor.dir/C_/Users/yoshi/.pico-sdk/sdk/2.0.0/src/rp2_common/hardware_gpio/gpio.c.obj
                0x1000043c                gpio_set_function
 .text.gpio_init
                0x10000470       0x16 CMakeFiles/HCSR04-Ultraschallsensor.dir/C_/Users/yoshi/.pico-sdk/sdk/2.0.0/src/rp2_common/hardware_gpio/gpio.c.obj
                0x10000470                gpio_init
 *fill*         0x10000486        0x2 
 .text.rp2040_chip_version
                0x10000488       0x54 CMakeFiles/HCSR04-Ultraschallsensor.dir/C_/Users/yoshi/.pico-sdk/sdk/2.0.0/src/rp2040/pico_platform/platform.c.obj
                0x10000488                rp2040_chip_version
 .text.panic    0x100004dc       0x30 CMakeFiles/HCSR04-Ultraschallsensor.dir/C_/Users/yoshi/.pico-sdk/sdk/2.0.0/src/rp2_common/pico_platform_panic/panic.c.obj
                0x100004dc                panic
 .text.hw_claim_lock
                0x1000050c       0x18 CMakeFiles/HCSR04-Ultraschallsensor.dir/C_/Users/yoshi/.pico-sdk/sdk/2.0.0/src/common/hardware_claim/claim.c.obj
                0x1000050c                hw_claim_lock
 .text.hw_claim_unlock
                0x10000524       0x14 CMakeFiles/HCSR04-Ultraschallsensor.dir/C_/Users/yoshi/.pico-sdk/sdk/2.0.0/src/common/hardware_claim/claim.c.obj
                0x10000524                hw_claim_unlock
 .text.hw_claim_or_assert
                0x10000538       0x32 CMakeFiles/HCSR04-Ultraschallsensor.dir/C_/Users/yoshi/.pico-sdk/sdk/2.0.0/src/common/hardware_claim/claim.c.obj
                0x10000538                hw_claim_or_assert
 .text.hw_claim_unused_from_range
                0x1000056a       0x50 CMakeFiles/HCSR04-Ultraschallsensor.dir/C_/Users/yoshi/.pico-sdk/sdk/2.0.0/src/common/hardware_claim/claim.c.obj
                0x1000056a                hw_claim_unused_from_range
 *fill*         0x100005ba        0x2 
 .text.next_striped_spin_lock_num
                0x100005bc       0x1c CMakeFiles/HCSR04-Ultraschallsensor.dir/C_/Users/yoshi/.pico-sdk/sdk/2.0.0/src/rp2_common/hardware_sync/sync.c.obj
                0x100005bc                next_striped_spin_lock_num
 .text.spin_lock_claim_unused
                0x100005d8       0x24 CMakeFiles/HCSR04-Ultraschallsensor.dir/C_/Users/yoshi/.pico-sdk/sdk/2.0.0/src/rp2_common/hardware_sync/sync.c.obj
                0x100005d8                spin_lock_claim_unused
 .text.spin_locks_reset
                0x100005fc       0x20 CMakeFiles/HCSR04-Ultraschallsensor.dir/C_/Users/yoshi/.pico-sdk/sdk/2.0.0/src/rp2_common/hardware_sync_spin_lock/sync_spin_lock.c.obj
                0x100005fc                spin_locks_reset
 .text.set_raw_irq_handler_and_unlock
                0x1000061c       0x28 CMakeFiles/HCSR04-Ultraschallsensor.dir/C_/Users/yoshi/.pico-sdk/sdk/2.0.0/src/rp2_common/hardware_irq/irq.c.obj
 .text.nvic_ipr0
                0x10000644        0x8 CMakeFiles/HCSR04-Ultraschallsensor.dir/C_/Users/yoshi/.pico-sdk/sdk/2.0.0/src/rp2_common/hardware_irq/irq.c.obj
 .text.runtime_init_per_core_irq_priorities
                0x1000064c       0x1c CMakeFiles/HCSR04-Ultraschallsensor.dir/C_/Users/yoshi/.pico-sdk/sdk/2.0.0/src/rp2_common/hardware_irq/irq.c.obj
                0x1000064c                runtime_init_per_core_irq_priorities
 .text.resolve_j_16
                0x10000668       0x30 CMakeFiles/HCSR04-Ultraschallsensor.dir/C_/Users/yoshi/.pico-sdk/sdk/2.0.0/src/rp2_common/hardware_irq/irq.c.obj
 .text.make_j_16
                0x10000698       0x48 CMakeFiles/HCSR04-Ultraschallsensor.dir/C_/Users/yoshi/.pico-sdk/sdk/2.0.0/src/rp2_common/hardware_irq/irq.c.obj
 .text.irq_is_enabled
                0x100006e0       0x18 CMakeFiles/HCSR04-Ultraschallsensor.dir/C_/Users/yoshi/.pico-sdk/sdk/2.0.0/src/rp2_common/hardware_irq/irq.c.obj
                0x100006e0                irq_is_enabled
 .text.irq_set_mask_n_enabled
                0x100006f8       0x1c CMakeFiles/HCSR04-Ultraschallsensor.dir/C_/Users/yoshi/.pico-sdk/sdk/2.0.0/src/rp2_common/hardware_irq/irq.c.obj
                0x100006f8                irq_set_mask_n_enabled
 .text.irq_set_enabled
                0x10000714       0x14 CMakeFiles/HCSR04-Ultraschallsensor.dir/C_/Users/yoshi/.pico-sdk/sdk/2.0.0/src/rp2_common/hardware_irq/irq.c.obj
                0x10000714                irq_set_enabled
 .text.irq_set_pending
                0x10000728       0x10 CMakeFiles/HCSR04-Ultraschallsensor.dir/C_/Users/yoshi/.pico-sdk/sdk/2.0.0/src/rp2_common/hardware_irq/irq.c.obj
                0x10000728                irq_set_pending
 .text.irq_get_vtable_handler
                0x10000738       0x10 CMakeFiles/HCSR04-Ultraschallsensor.dir/C_/Users/yoshi/.pico-sdk/sdk/2.0.0/src/rp2_common/hardware_irq/irq.c.obj
                0x10000738                irq_get_vtable_handler
 .text.irq_has_shared_handler
                0x10000748       0x24 CMakeFiles/HCSR04-Ultraschallsensor.dir/C_/Users/yoshi/.pico-sdk/sdk/2.0.0/src/rp2_common/hardware_irq/irq.c.obj
                0x10000748                irq_has_shared_handler
 .text.irq_set_exclusive_handler
                0x1000076c       0x54 CMakeFiles/HCSR04-Ultraschallsensor.dir/C_/Users/yoshi/.pico-sdk/sdk/2.0.0/src/rp2_common/hardware_irq/irq.c.obj
                0x1000076c                irq_set_exclusive_handler
 .text.irq_add_shared_handler
                0x100007c0      0x218 CMakeFiles/HCSR04-Ultraschallsensor.dir/C_/Users/yoshi/.pico-sdk/sdk/2.0.0/src/rp2_common/hardware_irq/irq.c.obj
                0x100007c0                irq_add_shared_handler
 .text.irq_add_tail_to_free_list
                0x100009d8       0xf4 CMakeFiles/HCSR04-Ultraschallsensor.dir/C_/Users/yoshi/.pico-sdk/sdk/2.0.0/src/rp2_common/hardware_irq/irq.c.obj
                0x100009d8                irq_add_tail_to_free_list
 .text.user_irq_claim_unused
                0x10000acc       0x2c CMakeFiles/HCSR04-Ultraschallsensor.dir/C_/Users/yoshi/.pico-sdk/sdk/2.0.0/src/rp2_common/hardware_irq/irq.c.obj
                0x10000acc                user_irq_claim_unused
 .text.lock_init
                0x10000af8       0x10 CMakeFiles/HCSR04-Ultraschallsensor.dir/C_/Users/yoshi/.pico-sdk/sdk/2.0.0/src/common/pico_sync/lock_core.c.obj
                0x10000af8                lock_init
 .text.mutex_init
                0x10000b08       0x1a CMakeFiles/HCSR04-Ultraschallsensor.dir/C_/Users/yoshi/.pico-sdk/sdk/2.0.0/src/common/pico_sync/mutex.c.obj
                0x10000b08                mutex_init
 .text.recursive_mutex_init
                0x10000b22       0x1e CMakeFiles/HCSR04-Ultraschallsensor.dir/C_/Users/yoshi/.pico-sdk/sdk/2.0.0/src/common/pico_sync/mutex.c.obj
                0x10000b22                recursive_mutex_init
 .text.runtime_init_mutex
                0x10000b40       0x4c CMakeFiles/HCSR04-Ultraschallsensor.dir/C_/Users/yoshi/.pico-sdk/sdk/2.0.0/src/common/pico_sync/mutex.c.obj
                0x10000b40                runtime_init_mutex
 .text.critical_section_init_with_lock_num
                0x10000b8c       0x14 CMakeFiles/HCSR04-Ultraschallsensor.dir/C_/Users/yoshi/.pico-sdk/sdk/2.0.0/src/common/pico_sync/critical_section.c.obj
                0x10000b8c                critical_section_init_with_lock_num
 .text.critical_section_init
                0x10000ba0       0x14 CMakeFiles/HCSR04-Ultraschallsensor.dir/C_/Users/yoshi/.pico-sdk/sdk/2.0.0/src/common/pico_sync/critical_section.c.obj
                0x10000ba0                critical_section_init
 .text.make_alarm_id
                0x10000bb4        0x6 CMakeFiles/HCSR04-Ultraschallsensor.dir/C_/Users/yoshi/.pico-sdk/sdk/2.0.0/src/common/pico_time/time.c.obj
 *fill*         0x10000bba        0x2 
 .text.sleep_until_callback
                0x10000bbc       0x30 CMakeFiles/HCSR04-Ultraschallsensor.dir/C_/Users/yoshi/.pico-sdk/sdk/2.0.0/src/common/pico_time/time.c.obj
 .text.alarm_pool_irq_handler
                0x10000bec      0x2e0 CMakeFiles/HCSR04-Ultraschallsensor.dir/C_/Users/yoshi/.pico-sdk/sdk/2.0.0/src/common/pico_time/time.c.obj
 .text.ta_enable_irq_handler
                0x10000ecc       0x2c CMakeFiles/HCSR04-Ultraschallsensor.dir/C_/Users/yoshi/.pico-sdk/sdk/2.0.0/src/common/pico_time/time.c.obj
 .text.alarm_pool_post_alloc_init
                0x10000ef8       0x78 CMakeFiles/HCSR04-Ultraschallsensor.dir/C_/Users/yoshi/.pico-sdk/sdk/2.0.0/src/common/pico_time/time.c.obj
 .text.alarm_pool_get_default
                0x10000f70       0x2c CMakeFiles/HCSR04-Ultraschallsensor.dir/C_/Users/yoshi/.pico-sdk/sdk/2.0.0/src/common/pico_time/time.c.obj
                0x10000f70                alarm_pool_get_default
 .text.alarm_pool_add_alarm_at_force_in_context
                0x10000f9c       0xa4 CMakeFiles/HCSR04-Ultraschallsensor.dir/C_/Users/yoshi/.pico-sdk/sdk/2.0.0/src/common/pico_time/time.c.obj
                0x10000f9c                alarm_pool_add_alarm_at_force_in_context
 .text.alarm_pool_add_alarm_at
                0x10001040       0x3c CMakeFiles/HCSR04-Ultraschallsensor.dir/C_/Users/yoshi/.pico-sdk/sdk/2.0.0/src/common/pico_time/time.c.obj
                0x10001040                alarm_pool_add_alarm_at
 .text.add_alarm_at
                0x1000107c       0x2e CMakeFiles/HCSR04-Ultraschallsensor.dir/C_/Users/yoshi/.pico-sdk/sdk/2.0.0/src/common/pico_time/time.c.obj
 *fill*         0x100010aa        0x2 
 .text.alarm_pool_cancel_alarm
                0x100010ac       0x78 CMakeFiles/HCSR04-Ultraschallsensor.dir/C_/Users/yoshi/.pico-sdk/sdk/2.0.0/src/common/pico_time/time.c.obj
                0x100010ac                alarm_pool_cancel_alarm
 .text.cancel_alarm
                0x10001124       0x10 CMakeFiles/HCSR04-Ultraschallsensor.dir/C_/Users/yoshi/.pico-sdk/sdk/2.0.0/src/common/pico_time/time.c.obj
 .text.alarm_pool_core_num
                0x10001134        0x4 CMakeFiles/HCSR04-Ultraschallsensor.dir/C_/Users/yoshi/.pico-sdk/sdk/2.0.0/src/common/pico_time/time.c.obj
                0x10001134                alarm_pool_core_num
 .text.sleep_until
                0x10001138       0xc0 CMakeFiles/HCSR04-Ultraschallsensor.dir/C_/Users/yoshi/.pico-sdk/sdk/2.0.0/src/common/pico_time/time.c.obj
                0x10001138                sleep_until
 .text.sleep_us
                0x100011f8       0x24 CMakeFiles/HCSR04-Ultraschallsensor.dir/C_/Users/yoshi/.pico-sdk/sdk/2.0.0/src/common/pico_time/time.c.obj
                0x100011f8                sleep_us
 .text.sleep_ms
                0x1000121c       0x14 CMakeFiles/HCSR04-Ultraschallsensor.dir/C_/Users/yoshi/.pico-sdk/sdk/2.0.0/src/common/pico_time/time.c.obj
                0x1000121c                sleep_ms
 .text.best_effort_wfe_or_timeout
                0x10001230       0xc4 CMakeFiles/HCSR04-Ultraschallsensor.dir/C_/Users/yoshi/.pico-sdk/sdk/2.0.0/src/common/pico_time/time.c.obj
                0x10001230                best_effort_wfe_or_timeout
 .text.alarm_pool_get_default_timer
                0x100012f4        0x8 CMakeFiles/HCSR04-Ultraschallsensor.dir/C_/Users/yoshi/.pico-sdk/sdk/2.0.0/src/common/pico_time/time.c.obj
                0x100012f4                alarm_pool_get_default_timer
 .text.runtime_init_default_alarm_pool
                0x100012fc       0x38 CMakeFiles/HCSR04-Ultraschallsensor.dir/C_/Users/yoshi/.pico-sdk/sdk/2.0.0/src/common/pico_time/time.c.obj
                0x100012fc                runtime_init_default_alarm_pool
 .text.timer_hardware_alarm_claim
                0x10001334       0x14 CMakeFiles/HCSR04-Ultraschallsensor.dir/C_/Users/yoshi/.pico-sdk/sdk/2.0.0/src/rp2_common/hardware_timer/timer.c.obj
                0x10001334                timer_hardware_alarm_claim
 .text.timer_time_us_64
                0x10001348       0x10 CMakeFiles/HCSR04-Ultraschallsensor.dir/C_/Users/yoshi/.pico-sdk/sdk/2.0.0/src/rp2_common/hardware_timer/timer.c.obj
                0x10001348                timer_time_us_64
 .text.timer_busy_wait_until
                0x10001358       0x1a CMakeFiles/HCSR04-Ultraschallsensor.dir/C_/Users/yoshi/.pico-sdk/sdk/2.0.0/src/rp2_common/hardware_timer/timer.c.obj
                0x10001358                timer_busy_wait_until
 *fill*         0x10001372        0x2 
 .text.time_us_64
                0x10001374       0x10 CMakeFiles/HCSR04-Ultraschallsensor.dir/C_/Users/yoshi/.pico-sdk/sdk/2.0.0/src/rp2_common/hardware_timer/timer.c.obj
                0x10001374                time_us_64
 .text.busy_wait_until
                0x10001384       0x14 CMakeFiles/HCSR04-Ultraschallsensor.dir/C_/Users/yoshi/.pico-sdk/sdk/2.0.0/src/rp2_common/hardware_timer/timer.c.obj
                0x10001384                busy_wait_until
 .text.clock_configure_internal
                0x10001398       0xc4 CMakeFiles/HCSR04-Ultraschallsensor.dir/C_/Users/yoshi/.pico-sdk/sdk/2.0.0/src/rp2_common/hardware_clocks/clocks.c.obj
 .text.clock_configure_int_divider
                0x1000145c       0x28 CMakeFiles/HCSR04-Ultraschallsensor.dir/C_/Users/yoshi/.pico-sdk/sdk/2.0.0/src/rp2_common/hardware_clocks/clocks.c.obj
                0x1000145c                clock_configure_int_divider
 .text.clock_configure_undivided
                0x10001484       0x12 CMakeFiles/HCSR04-Ultraschallsensor.dir/C_/Users/yoshi/.pico-sdk/sdk/2.0.0/src/rp2_common/hardware_clocks/clocks.c.obj
                0x10001484                clock_configure_undivided
 *fill*         0x10001496        0x2 
 .text.clock_get_hz
                0x10001498        0xc CMakeFiles/HCSR04-Ultraschallsensor.dir/C_/Users/yoshi/.pico-sdk/sdk/2.0.0/src/rp2_common/hardware_clocks/clocks.c.obj
                0x10001498                clock_get_hz
 .text.pll_init
                0x100014a4      0x124 CMakeFiles/HCSR04-Ultraschallsensor.dir/C_/Users/yoshi/.pico-sdk/sdk/2.0.0/src/rp2_common/hardware_pll/pll.c.obj
                0x100014a4                pll_init
 .text.watchdog_update
                0x100015c8       0x14 CMakeFiles/HCSR04-Ultraschallsensor.dir/C_/Users/yoshi/.pico-sdk/sdk/2.0.0/src/rp2_common/hardware_watchdog/watchdog.c.obj
                0x100015c8                watchdog_update
 .text._watchdog_enable
                0x100015dc       0x7c CMakeFiles/HCSR04-Ultraschallsensor.dir/C_/Users/yoshi/.pico-sdk/sdk/2.0.0/src/rp2_common/hardware_watchdog/watchdog.c.obj
                0x100015dc                _watchdog_enable
 .text.watchdog_reboot
                0x10001658       0x48 CMakeFiles/HCSR04-Ultraschallsensor.dir/C_/Users/yoshi/.pico-sdk/sdk/2.0.0/src/rp2_common/hardware_watchdog/watchdog.c.obj
                0x10001658                watchdog_reboot
 .text.tick_start
                0x100016a0       0x10 CMakeFiles/HCSR04-Ultraschallsensor.dir/C_/Users/yoshi/.pico-sdk/sdk/2.0.0/src/rp2_common/hardware_ticks/ticks.c.obj
                0x100016a0                tick_start
 .text.xosc_init
                0x100016b0       0x28 CMakeFiles/HCSR04-Ultraschallsensor.dir/C_/Users/yoshi/.pico-sdk/sdk/2.0.0/src/rp2_common/hardware_xosc/xosc.c.obj
                0x100016b0                xosc_init
 .text.runtime_run_initializers_from
                0x100016d8       0x18 CMakeFiles/HCSR04-Ultraschallsensor.dir/C_/Users/yoshi/.pico-sdk/sdk/2.0.0/src/rp2_common/pico_runtime/runtime.c.obj
 .text.first_per_core_initializer
                0x100016f0        0x2 CMakeFiles/HCSR04-Ultraschallsensor.dir/C_/Users/yoshi/.pico-sdk/sdk/2.0.0/src/rp2_common/pico_runtime/runtime.c.obj
 *fill*         0x100016f2        0x2 
 .text.runtime_run_initializers
                0x100016f4       0x10 CMakeFiles/HCSR04-Ultraschallsensor.dir/C_/Users/yoshi/.pico-sdk/sdk/2.0.0/src/rp2_common/pico_runtime/runtime.c.obj
                0x100016f4                runtime_run_initializers
 .text.runtime_init_early_resets
                0x10001704       0x2c CMakeFiles/HCSR04-Ultraschallsensor.dir/C_/Users/yoshi/.pico-sdk/sdk/2.0.0/src/rp2_common/pico_runtime_init/runtime_init.c.obj
                0x10001704                runtime_init_early_resets
 .text.runtime_init_usb_power_down
                0x10001730       0x1c CMakeFiles/HCSR04-Ultraschallsensor.dir/C_/Users/yoshi/.pico-sdk/sdk/2.0.0/src/rp2_common/pico_runtime_init/runtime_init.c.obj
                0x10001730                runtime_init_usb_power_down
 .text.runtime_init_post_clock_resets
                0x1000174c       0x20 CMakeFiles/HCSR04-Ultraschallsensor.dir/C_/Users/yoshi/.pico-sdk/sdk/2.0.0/src/rp2_common/pico_runtime_init/runtime_init.c.obj
                0x1000174c                runtime_init_post_clock_resets
 .text.runtime_init_rp2040_gpio_ie_disable
                0x1000176c       0x14 CMakeFiles/HCSR04-Ultraschallsensor.dir/C_/Users/yoshi/.pico-sdk/sdk/2.0.0/src/rp2_common/pico_runtime_init/runtime_init.c.obj
                0x1000176c                runtime_init_rp2040_gpio_ie_disable
 .text.runtime_init_spin_locks_reset
                0x10001780        0x8 CMakeFiles/HCSR04-Ultraschallsensor.dir/C_/Users/yoshi/.pico-sdk/sdk/2.0.0/src/rp2_common/pico_runtime_init/runtime_init.c.obj
                0x10001780                runtime_init_spin_locks_reset
 .text.runtime_init_install_ram_vector_table
                0x10001788       0x1c CMakeFiles/HCSR04-Ultraschallsensor.dir/C_/Users/yoshi/.pico-sdk/sdk/2.0.0/src/rp2_common/pico_runtime_init/runtime_init.c.obj
                0x10001788                runtime_init_install_ram_vector_table
 .text.start_all_ticks
                0x100017a4       0x28 CMakeFiles/HCSR04-Ultraschallsensor.dir/C_/Users/yoshi/.pico-sdk/sdk/2.0.0/src/rp2_common/pico_runtime_init/runtime_init_clocks.c.obj
 .text.runtime_init_clocks
                0x100017cc       0xcc CMakeFiles/HCSR04-Ultraschallsensor.dir/C_/Users/yoshi/.pico-sdk/sdk/2.0.0/src/rp2_common/pico_runtime_init/runtime_init_clocks.c.obj
                0x100017cc                runtime_init_clocks
 .text          0x10001898       0x10 CMakeFiles/HCSR04-Ultraschallsensor.dir/C_/Users/yoshi/.pico-sdk/sdk/2.0.0/src/rp2_common/pico_bit_ops/bit_ops_aeabi.S.obj
 .text.rom_func_lookup
                0x100018a8       0x10 CMakeFiles/HCSR04-Ultraschallsensor.dir/C_/Users/yoshi/.pico-sdk/sdk/2.0.0/src/rp2_common/pico_bootrom/bootrom.c.obj
                0x100018a8                rom_func_lookup
 .text.rom_data_lookup
                0x100018b8       0x10 CMakeFiles/HCSR04-Ultraschallsensor.dir/C_/Users/yoshi/.pico-sdk/sdk/2.0.0/src/rp2_common/pico_bootrom/bootrom.c.obj
                0x100018b8                rom_data_lookup
 .text.rom_funcs_lookup
                0x100018c8       0x36 CMakeFiles/HCSR04-Ultraschallsensor.dir/C_/Users/yoshi/.pico-sdk/sdk/2.0.0/src/rp2_common/pico_bootrom/bootrom.c.obj
                0x100018c8                rom_funcs_lookup
 *fill*         0x100018fe        0x2 
 .text.rom_reset_usb_boot
                0x10001900       0x18 CMakeFiles/HCSR04-Ultraschallsensor.dir/C_/Users/yoshi/.pico-sdk/sdk/2.0.0/src/rp2_common/pico_bootrom/bootrom.c.obj
                0x10001900                rom_reset_usb_boot
 .text.__wrap___aeabi_idiv
                0x10001918       0x50 CMakeFiles/HCSR04-Ultraschallsensor.dir/C_/Users/yoshi/.pico-sdk/sdk/2.0.0/src/rp2_common/pico_divider/divider_hardware.S.obj
                0x10001918                __wrap___aeabi_idivmod
                0x10001918                divmod_s32s32
                0x10001918                div_s32s32
                0x10001918                __wrap___aeabi_idiv
                0x10001920                divmod_s32s32_unsafe
                0x1000194c                divmod_s32s32_savestate
 .text.__wrap___aeabi_uidiv
                0x10001968       0x4c CMakeFiles/HCSR04-Ultraschallsensor.dir/C_/Users/yoshi/.pico-sdk/sdk/2.0.0/src/rp2_common/pico_divider/divider_hardware.S.obj
                0x10001968                __wrap___aeabi_uidiv
                0x10001968                __wrap___aeabi_uidivmod
                0x10001968                div_u32u32
                0x10001968                divmod_u32u32
                0x10001970                divmod_u32u32_unsafe
                0x10001998                divmod_u32u32_savestate
 .text.__wrap___aeabi_ldiv
                0x100019b4      0x424 CMakeFiles/HCSR04-Ultraschallsensor.dir/C_/Users/yoshi/.pico-sdk/sdk/2.0.0/src/rp2_common/pico_divider/divider_hardware.S.obj
                0x100019b4                div_s64s64
                0x100019b4                divmod_s64s64
                0x100019b4                __wrap___aeabi_ldivmod
                0x100019e4                divmod_u64u64
                0x100019e4                div_u64u64
                0x100019e4                __wrap___aeabi_uldivmod
                0x100019f4                divmod_u64u64_savestate
                0x10001a14                divmod_s64s64_unsafe
                0x10001a9c                divmod_u64u64_unsafe
 .text.__wrap___aeabi_darithmetic
                0x10001dd8       0x60 CMakeFiles/HCSR04-Ultraschallsensor.dir/C_/Users/yoshi/.pico-sdk/sdk/2.0.0/src/rp2_common/pico_double/double_aeabi_rp2040.S.obj
                0x10001dd8                __wrap___aeabi_drsub
                0x10001dde                __wrap___aeabi_dsub
                0x10001de8                __wrap___aeabi_dadd
                0x10001df2                __wrap___aeabi_ddiv
                0x10001e26                __wrap___aeabi_dmul
 .text.__wrap___aeabi_cdcmple
                0x10001e38       0x6c CMakeFiles/HCSR04-Ultraschallsensor.dir/C_/Users/yoshi/.pico-sdk/sdk/2.0.0/src/rp2_common/pico_double/double_aeabi_rp2040.S.obj
                0x10001e38                __wrap___aeabi_cdrcmple
                0x10001e48                __wrap___aeabi_cdcmpeq
                0x10001e48                __wrap___aeabi_cdcmple
 .text.__wrap___aeabi_dcmplt
                0x10001ea4        0xc CMakeFiles/HCSR04-Ultraschallsensor.dir/C_/Users/yoshi/.pico-sdk/sdk/2.0.0/src/rp2_common/pico_double/double_aeabi_rp2040.S.obj
                0x10001ea4                __wrap___aeabi_dcmplt
 .text.__wrap___aeabi_dcmple
                0x10001eb0       0x10 CMakeFiles/HCSR04-Ultraschallsensor.dir/C_/Users/yoshi/.pico-sdk/sdk/2.0.0/src/rp2_common/pico_double/double_aeabi_rp2040.S.obj
                0x10001eb0                __wrap___aeabi_dcmple
 .text.__wrap___aeabi_dcmpge
                0x10001ec0       0x10 CMakeFiles/HCSR04-Ultraschallsensor.dir/C_/Users/yoshi/.pico-sdk/sdk/2.0.0/src/rp2_common/pico_double/double_aeabi_rp2040.S.obj
                0x10001ec0                __wrap___aeabi_dcmpge
 .text.__wrap___aeabi_dcmpgt
                0x10001ed0        0xa CMakeFiles/HCSR04-Ultraschallsensor.dir/C_/Users/yoshi/.pico-sdk/sdk/2.0.0/src/rp2_common/pico_double/double_aeabi_rp2040.S.obj
                0x10001ed0                __wrap___aeabi_dcmpgt
 .text.__wrap___aeabi_dcmpun
                0x10001eda       0x18 CMakeFiles/HCSR04-Ultraschallsensor.dir/C_/Users/yoshi/.pico-sdk/sdk/2.0.0/src/rp2_common/pico_double/double_aeabi_rp2040.S.obj
                0x10001eda                __wrap___aeabi_dcmpun
 *fill*         0x10001ef2        0x2 
 .text.__wrap___aeabi_i2d
                0x10001ef4       0x38 CMakeFiles/HCSR04-Ultraschallsensor.dir/C_/Users/yoshi/.pico-sdk/sdk/2.0.0/src/rp2_common/pico_double/double_aeabi_rp2040.S.obj
                0x10001ef4                __wrap___aeabi_ui2d
                0x10001efc                __wrap___aeabi_i2d
 .text.__wrap___aeabi_d2iz
                0x10001f2c       0x48 CMakeFiles/HCSR04-Ultraschallsensor.dir/C_/Users/yoshi/.pico-sdk/sdk/2.0.0/src/rp2_common/pico_double/double_aeabi_rp2040.S.obj
                0x10001f2c                double2int_z
                0x10001f2c                __wrap___aeabi_d2iz
 .text.__wrap___aeabi_d2uiz
                0x10001f74       0x10 CMakeFiles/HCSR04-Ultraschallsensor.dir/C_/Users/yoshi/.pico-sdk/sdk/2.0.0/src/rp2_common/pico_double/double_aeabi_rp2040.S.obj
                0x10001f74                __wrap___aeabi_d2uiz
                0x10001f74                double2uint
 .text.__wrap___aeabi_ul2d
                0x10001f84       0x10 CMakeFiles/HCSR04-Ultraschallsensor.dir/C_/Users/yoshi/.pico-sdk/sdk/2.0.0/src/rp2_common/pico_double/double_aeabi_rp2040.S.obj
                0x10001f84                __wrap___aeabi_ul2d
 .text.__wrap___aeabi_d2f
                0x10001f94       0x10 CMakeFiles/HCSR04-Ultraschallsensor.dir/C_/Users/yoshi/.pico-sdk/sdk/2.0.0/src/rp2_common/pico_double/double_aeabi_rp2040.S.obj
                0x10001f94                __wrap___aeabi_d2f
 .text.missing_double_func_shim
                0x10001fa4        0xc CMakeFiles/HCSR04-Ultraschallsensor.dir/C_/Users/yoshi/.pico-sdk/sdk/2.0.0/src/rp2_common/pico_double/double_init_rom_rp2040.c.obj
 .text.__aeabi_double_init
                0x10001fb0       0xd0 CMakeFiles/HCSR04-Ultraschallsensor.dir/C_/Users/yoshi/.pico-sdk/sdk/2.0.0/src/rp2_common/pico_double/double_init_rom_rp2040.c.obj
                0x10001fb0                __aeabi_double_init
 .text.double_table_shim_on_use_helper
                0x10002080       0x34 CMakeFiles/HCSR04-Ultraschallsensor.dir/C_/Users/yoshi/.pico-sdk/sdk/2.0.0/src/rp2_common/pico_double/double_v1_rom_shim_rp2040.S.obj
                0x10002080                double_table_shim_on_use_helper
 .text.__aeabi_lmul
                0x100020b4       0x32 CMakeFiles/HCSR04-Ultraschallsensor.dir/C_/Users/yoshi/.pico-sdk/sdk/2.0.0/src/rp2_common/pico_int64_ops/pico_int64_ops_aeabi.S.obj
                0x100020b4                __wrap___aeabi_lmul
 *fill*         0x100020e6        0x2 
 .text.__wrap___aeabi_farithmetic
                0x100020e8       0x48 CMakeFiles/HCSR04-Ultraschallsensor.dir/C_/Users/yoshi/.pico-sdk/sdk/2.0.0/src/rp2_common/pico_float/float_aeabi_rp2040.S.obj
                0x100020e8                __wrap___aeabi_frsub
                0x100020ee                __wrap___aeabi_fsub
                0x100020f4                __wrap___aeabi_fadd
                0x100020fa                __wrap___aeabi_fdiv
                0x10002122                __wrap___aeabi_fmul
 .text.__wrap___aeabi_cfcmple
                0x10002130       0x50 CMakeFiles/HCSR04-Ultraschallsensor.dir/C_/Users/yoshi/.pico-sdk/sdk/2.0.0/src/rp2_common/pico_float/float_aeabi_rp2040.S.obj
                0x10002130                __wrap___aeabi_cfrcmple
                0x1000213c                __wrap___aeabi_cfcmple
                0x1000213c                __wrap___aeabi_cfcmpeq
 .text.__wrap___aeabi_fcmplt
                0x10002180        0xc CMakeFiles/HCSR04-Ultraschallsensor.dir/C_/Users/yoshi/.pico-sdk/sdk/2.0.0/src/rp2_common/pico_float/float_aeabi_rp2040.S.obj
                0x10002180                __wrap___aeabi_fcmplt
 .text.__wrap___aeabi_fcmple
                0x1000218c       0x10 CMakeFiles/HCSR04-Ultraschallsensor.dir/C_/Users/yoshi/.pico-sdk/sdk/2.0.0/src/rp2_common/pico_float/float_aeabi_rp2040.S.obj
                0x1000218c                __wrap___aeabi_fcmple
 .text.__wrap___aeabi_f2iz
                0x1000219c       0x4e CMakeFiles/HCSR04-Ultraschallsensor.dir/C_/Users/yoshi/.pico-sdk/sdk/2.0.0/src/rp2_common/pico_float/float_aeabi_rp2040.S.obj
                0x1000219c                float2int_z
                0x1000219c                __wrap___aeabi_f2iz
 *fill*         0x100021ea        0x2 
 .text.float2int
                0x100021ec        0xc CMakeFiles/HCSR04-Ultraschallsensor.dir/C_/Users/yoshi/.pico-sdk/sdk/2.0.0/src/rp2_common/pico_float/float_aeabi_rp2040.S.obj
                0x100021ec                float2int
 .text.__wrap___aeabi_f2uiz
                0x100021f8        0xc CMakeFiles/HCSR04-Ultraschallsensor.dir/C_/Users/yoshi/.pico-sdk/sdk/2.0.0/src/rp2_common/pico_float/float_aeabi_rp2040.S.obj
                0x100021f8                __wrap___aeabi_f2uiz
                0x100021f8                float2uint_z
 .text.__wrap___aeabi_f2d
                0x10002204        0xc CMakeFiles/HCSR04-Ultraschallsensor.dir/C_/Users/yoshi/.pico-sdk/sdk/2.0.0/src/rp2_common/pico_float/float_aeabi_rp2040.S.obj
                0x10002204                __wrap___aeabi_f2d
 .text.missing_float_func_shim
                0x10002210        0xc CMakeFiles/HCSR04-Ultraschallsensor.dir/C_/Users/yoshi/.pico-sdk/sdk/2.0.0/src/rp2_common/pico_float/float_init_rom_rp2040.c.obj
 .text.__aeabi_float_init
                0x1000221c       0x88 CMakeFiles/HCSR04-Ultraschallsensor.dir/C_/Users/yoshi/.pico-sdk/sdk/2.0.0/src/rp2_common/pico_float/float_init_rom_rp2040.c.obj
                0x1000221c                __aeabi_float_init
 .text          0x100022a4       0x10 CMakeFiles/HCSR04-Ultraschallsensor.dir/C_/Users/yoshi/.pico-sdk/sdk/2.0.0/src/rp2_common/pico_mem_ops/mem_ops_aeabi.S.obj
                0x100022a4                __aeabi_mem_init
 .text.memset   0x100022b4        0xc CMakeFiles/HCSR04-Ultraschallsensor.dir/C_/Users/yoshi/.pico-sdk/sdk/2.0.0/src/rp2_common/pico_mem_ops/mem_ops_aeabi.S.obj
                0x100022b4                __wrap_memset
 .text.memcpy   0x100022c0        0xc CMakeFiles/HCSR04-Ultraschallsensor.dir/C_/Users/yoshi/.pico-sdk/sdk/2.0.0/src/rp2_common/pico_mem_ops/mem_ops_aeabi.S.obj
                0x100022c0                __wrap_memcpy
                0x100022c0                __wrap___aeabi_memcpy
 .text._out_null
                0x100022cc        0x2 CMakeFiles/HCSR04-Ultraschallsensor.dir/C_/Users/yoshi/.pico-sdk/sdk/2.0.0/src/rp2_common/pico_printf/printf.c.obj
 .text._out_fct
                0x100022ce        0xe CMakeFiles/HCSR04-Ultraschallsensor.dir/C_/Users/yoshi/.pico-sdk/sdk/2.0.0/src/rp2_common/pico_printf/printf.c.obj
 .text._atoi    0x100022dc       0x24 CMakeFiles/HCSR04-Ultraschallsensor.dir/C_/Users/yoshi/.pico-sdk/sdk/2.0.0/src/rp2_common/pico_printf/printf.c.obj
 .text._out_rev
                0x10002300       0xae CMakeFiles/HCSR04-Ultraschallsensor.dir/C_/Users/yoshi/.pico-sdk/sdk/2.0.0/src/rp2_common/pico_printf/printf.c.obj
 .text._ntoa_format
                0x100023ae      0x110 CMakeFiles/HCSR04-Ultraschallsensor.dir/C_/Users/yoshi/.pico-sdk/sdk/2.0.0/src/rp2_common/pico_printf/printf.c.obj
 .text._ntoa_long
                0x100024be       0xbc CMakeFiles/HCSR04-Ultraschallsensor.dir/C_/Users/yoshi/.pico-sdk/sdk/2.0.0/src/rp2_common/pico_printf/printf.c.obj
 .text._ntoa_long_long
                0x1000257a      0x10e CMakeFiles/HCSR04-Ultraschallsensor.dir/C_/Users/yoshi/.pico-sdk/sdk/2.0.0/src/rp2_common/pico_printf/printf.c.obj
 .text._etoa    0x10002688      0x420 CMakeFiles/HCSR04-Ultraschallsensor.dir/C_/Users/yoshi/.pico-sdk/sdk/2.0.0/src/rp2_common/pico_printf/printf.c.obj
 .text._ftoa    0x10002aa8      0x354 CMakeFiles/HCSR04-Ultraschallsensor.dir/C_/Users/yoshi/.pico-sdk/sdk/2.0.0/src/rp2_common/pico_printf/printf.c.obj
 .text._vsnprintf
                0x10002dfc      0x668 CMakeFiles/HCSR04-Ultraschallsensor.dir/C_/Users/yoshi/.pico-sdk/sdk/2.0.0/src/rp2_common/pico_printf/printf.c.obj
 .text.vfctprintf
                0x10003464       0x20 CMakeFiles/HCSR04-Ultraschallsensor.dir/C_/Users/yoshi/.pico-sdk/sdk/2.0.0/src/rp2_common/pico_printf/printf.c.obj
                0x10003464                vfctprintf
 .text._exit    0x10003484        0x4 CMakeFiles/HCSR04-Ultraschallsensor.dir/C_/Users/yoshi/.pico-sdk/sdk/2.0.0/src/rp2_common/pico_clib_interface/newlib_interface.c.obj
                0x10003484                _exit
 .text.exit     0x10003488        0x6 CMakeFiles/HCSR04-Ultraschallsensor.dir/C_/Users/yoshi/.pico-sdk/sdk/2.0.0/src/rp2_common/pico_clib_interface/newlib_interface.c.obj
                0x10003488                exit
 *fill*         0x1000348e        0x2 
 .text.__assert_func
                0x10003490       0x38 CMakeFiles/HCSR04-Ultraschallsensor.dir/C_/Users/yoshi/.pico-sdk/sdk/2.0.0/src/rp2_common/pico_clib_interface/newlib_interface.c.obj
                0x10003490                __assert_func
 .text.runtime_init
                0x100034c8       0x28 CMakeFiles/HCSR04-Ultraschallsensor.dir/C_/Users/yoshi/.pico-sdk/sdk/2.0.0/src/rp2_common/pico_clib_interface/newlib_interface.c.obj
                0x100034c8                runtime_init
 .text.stdio_out_chars_no_crlf
                0x100034f0        0xe CMakeFiles/HCSR04-Ultraschallsensor.dir/C_/Users/yoshi/.pico-sdk/sdk/2.0.0/src/rp2_common/pico_stdio/stdio.c.obj
 *fill*         0x100034fe        0x2 
 .text.stdio_out_chars_crlf
                0x10003500       0x80 CMakeFiles/HCSR04-Ultraschallsensor.dir/C_/Users/yoshi/.pico-sdk/sdk/2.0.0/src/rp2_common/pico_stdio/stdio.c.obj
 .text.stdio_stack_buffer_flush
                0x10003580       0x44 CMakeFiles/HCSR04-Ultraschallsensor.dir/C_/Users/yoshi/.pico-sdk/sdk/2.0.0/src/rp2_common/pico_stdio/stdio.c.obj
 .text.stdio_buffered_printer
                0x100035c4       0x20 CMakeFiles/HCSR04-Ultraschallsensor.dir/C_/Users/yoshi/.pico-sdk/sdk/2.0.0/src/rp2_common/pico_stdio/stdio.c.obj
 .text.stdout_serialize_begin
                0x100035e4       0x30 CMakeFiles/HCSR04-Ultraschallsensor.dir/C_/Users/yoshi/.pico-sdk/sdk/2.0.0/src/rp2_common/pico_stdio/stdio.c.obj
                0x100035e4                stdout_serialize_begin
 .text.stdout_serialize_end
                0x10003614       0x10 CMakeFiles/HCSR04-Ultraschallsensor.dir/C_/Users/yoshi/.pico-sdk/sdk/2.0.0/src/rp2_common/pico_stdio/stdio.c.obj
                0x10003614                stdout_serialize_end
 .text.stdio_put_string
                0x10003624       0x94 CMakeFiles/HCSR04-Ultraschallsensor.dir/C_/Users/yoshi/.pico-sdk/sdk/2.0.0/src/rp2_common/pico_stdio/stdio.c.obj
                0x10003624                stdio_put_string
 .text.stdio_set_driver_enabled
                0x100036b8       0x2c CMakeFiles/HCSR04-Ultraschallsensor.dir/C_/Users/yoshi/.pico-sdk/sdk/2.0.0/src/rp2_common/pico_stdio/stdio.c.obj
                0x100036b8                stdio_set_driver_enabled
 .text.stdio_flush
                0x100036e4       0x20 CMakeFiles/HCSR04-Ultraschallsensor.dir/C_/Users/yoshi/.pico-sdk/sdk/2.0.0/src/rp2_common/pico_stdio/stdio.c.obj
                0x100036e4                stdio_flush
 .text.stdio_init_all
                0x10003704        0x8 CMakeFiles/HCSR04-Ultraschallsensor.dir/C_/Users/yoshi/.pico-sdk/sdk/2.0.0/src/rp2_common/pico_stdio/stdio.c.obj
                0x10003704                stdio_init_all
 .text.__wrap_puts
                0x1000370c       0x1e CMakeFiles/HCSR04-Ultraschallsensor.dir/C_/Users/yoshi/.pico-sdk/sdk/2.0.0/src/rp2_common/pico_stdio/stdio.c.obj
                0x1000370c                stdio_puts
                0x1000370c                __wrap_puts
 *fill*         0x1000372a        0x2 
 .text.__wrap_vprintf
                0x1000372c       0x40 CMakeFiles/HCSR04-Ultraschallsensor.dir/C_/Users/yoshi/.pico-sdk/sdk/2.0.0/src/rp2_common/pico_stdio/stdio.c.obj
                0x1000372c                stdio_vprintf
                0x1000372c                __wrap_vprintf
 .text.__wrap_printf
                0x1000376c       0x18 CMakeFiles/HCSR04-Ultraschallsensor.dir/C_/Users/yoshi/.pico-sdk/sdk/2.0.0/src/rp2_common/pico_stdio/stdio.c.obj
                0x1000376c                __wrap_printf
                0x1000376c                stdio_printf
 .text.resetd_init
                0x10003784        0x2 CMakeFiles/HCSR04-Ultraschallsensor.dir/C_/Users/yoshi/.pico-sdk/sdk/2.0.0/src/rp2_common/pico_stdio_usb/reset_interface.c.obj
 *fill*         0x10003786        0x2 
 .text.resetd_reset
                0x10003788        0xc CMakeFiles/HCSR04-Ultraschallsensor.dir/C_/Users/yoshi/.pico-sdk/sdk/2.0.0/src/rp2_common/pico_stdio_usb/reset_interface.c.obj
 .text.resetd_open
                0x10003794       0x34 CMakeFiles/HCSR04-Ultraschallsensor.dir/C_/Users/yoshi/.pico-sdk/sdk/2.0.0/src/rp2_common/pico_stdio_usb/reset_interface.c.obj
 .text.resetd_xfer_cb
                0x100037c8        0x4 CMakeFiles/HCSR04-Ultraschallsensor.dir/C_/Users/yoshi/.pico-sdk/sdk/2.0.0/src/rp2_common/pico_stdio_usb/reset_interface.c.obj
 .text.resetd_control_xfer_cb
                0x100037cc       0x5c CMakeFiles/HCSR04-Ultraschallsensor.dir/C_/Users/yoshi/.pico-sdk/sdk/2.0.0/src/rp2_common/pico_stdio_usb/reset_interface.c.obj
 .text.tud_descriptor_bos_cb
                0x10003828        0x8 CMakeFiles/HCSR04-Ultraschallsensor.dir/C_/Users/yoshi/.pico-sdk/sdk/2.0.0/src/rp2_common/pico_stdio_usb/reset_interface.c.obj
                0x10003828                tud_descriptor_bos_cb
 .text.tud_vendor_control_xfer_cb
                0x10003830       0x38 CMakeFiles/HCSR04-Ultraschallsensor.dir/C_/Users/yoshi/.pico-sdk/sdk/2.0.0/src/rp2_common/pico_stdio_usb/reset_interface.c.obj
                0x10003830                tud_vendor_control_xfer_cb
 .text.usbd_app_driver_get_cb
                0x10003868        0xc CMakeFiles/HCSR04-Ultraschallsensor.dir/C_/Users/yoshi/.pico-sdk/sdk/2.0.0/src/rp2_common/pico_stdio_usb/reset_interface.c.obj
                0x10003868                usbd_app_driver_get_cb
 .text.tud_cdc_line_coding_cb
                0x10003874       0x28 CMakeFiles/HCSR04-Ultraschallsensor.dir/C_/Users/yoshi/.pico-sdk/sdk/2.0.0/src/rp2_common/pico_stdio_usb/reset_interface.c.obj
                0x10003874                tud_cdc_line_coding_cb
 .text.stdio_usb_set_chars_available_callback
                0x1000389c       0x14 CMakeFiles/HCSR04-Ultraschallsensor.dir/C_/Users/yoshi/.pico-sdk/sdk/2.0.0/src/rp2_common/pico_stdio_usb/stdio_usb.c.obj
                0x1000389c                stdio_usb_set_chars_available_callback
 .text.stdio_usb_out_flush
                0x100038b0       0x4c CMakeFiles/HCSR04-Ultraschallsensor.dir/C_/Users/yoshi/.pico-sdk/sdk/2.0.0/src/rp2_common/pico_stdio_usb/stdio_usb.c.obj
 .text.usb_irq  0x100038fc       0x10 CMakeFiles/HCSR04-Ultraschallsensor.dir/C_/Users/yoshi/.pico-sdk/sdk/2.0.0/src/rp2_common/pico_stdio_usb/stdio_usb.c.obj
 .text.critical_section_enter_blocking
                0x1000390c       0x16 CMakeFiles/HCSR04-Ultraschallsensor.dir/C_/Users/yoshi/.pico-sdk/sdk/2.0.0/src/rp2_common/pico_stdio_usb/stdio_usb.c.obj
 *fill*         0x10003922        0x2 
 .text.timer_task
                0x10003924       0x60 CMakeFiles/HCSR04-Ultraschallsensor.dir/C_/Users/yoshi/.pico-sdk/sdk/2.0.0/src/rp2_common/pico_stdio_usb/stdio_usb.c.obj
 .text.alarm_pool_add_alarm_in_us
                0x10003984       0x40 CMakeFiles/HCSR04-Ultraschallsensor.dir/C_/Users/yoshi/.pico-sdk/sdk/2.0.0/src/rp2_common/pico_stdio_usb/stdio_usb.c.obj
 .text.add_alarm_in_us
                0x100039c4       0x2e CMakeFiles/HCSR04-Ultraschallsensor.dir/C_/Users/yoshi/.pico-sdk/sdk/2.0.0/src/rp2_common/pico_stdio_usb/stdio_usb.c.obj
 *fill*         0x100039f2        0x2 
 .text.low_priority_worker_irq
                0x100039f4       0xa0 CMakeFiles/HCSR04-Ultraschallsensor.dir/C_/Users/yoshi/.pico-sdk/sdk/2.0.0/src/rp2_common/pico_stdio_usb/stdio_usb.c.obj
 .text.stdio_usb_init
                0x10003a94       0xdc CMakeFiles/HCSR04-Ultraschallsensor.dir/C_/Users/yoshi/.pico-sdk/sdk/2.0.0/src/rp2_common/pico_stdio_usb/stdio_usb.c.obj
                0x10003a94                stdio_usb_init
 .text.stdio_usb_connected
                0x10003b70        0xa CMakeFiles/HCSR04-Ultraschallsensor.dir/C_/Users/yoshi/.pico-sdk/sdk/2.0.0/src/rp2_common/pico_stdio_usb/stdio_usb.c.obj
                0x10003b70                stdio_usb_connected
 *fill*         0x10003b7a        0x2 
 .text.stdio_usb_in_chars
                0x10003b7c       0x98 CMakeFiles/HCSR04-Ultraschallsensor.dir/C_/Users/yoshi/.pico-sdk/sdk/2.0.0/src/rp2_common/pico_stdio_usb/stdio_usb.c.obj
                0x10003b7c                stdio_usb_in_chars
 .text.stdio_usb_out_chars
                0x10003c14       0xe8 CMakeFiles/HCSR04-Ultraschallsensor.dir/C_/Users/yoshi/.pico-sdk/sdk/2.0.0/src/rp2_common/pico_stdio_usb/stdio_usb.c.obj
 .text.tud_descriptor_device_cb
                0x10003cfc        0x8 CMakeFiles/HCSR04-Ultraschallsensor.dir/C_/Users/yoshi/.pico-sdk/sdk/2.0.0/src/rp2_common/pico_stdio_usb/stdio_usb_descriptors.c.obj
                0x10003cfc                tud_descriptor_device_cb
 .text.tud_descriptor_configuration_cb
                0x10003d04        0x8 CMakeFiles/HCSR04-Ultraschallsensor.dir/C_/Users/yoshi/.pico-sdk/sdk/2.0.0/src/rp2_common/pico_stdio_usb/stdio_usb_descriptors.c.obj
                0x10003d04                tud_descriptor_configuration_cb
 .text.tud_descriptor_string_cb
                0x10003d0c       0x6c CMakeFiles/HCSR04-Ultraschallsensor.dir/C_/Users/yoshi/.pico-sdk/sdk/2.0.0/src/rp2_common/pico_stdio_usb/stdio_usb_descriptors.c.obj
                0x10003d0c                tud_descriptor_string_cb
 .text._retrieve_unique_id_on_boot
                0x10003d78       0x10 CMakeFiles/HCSR04-Ultraschallsensor.dir/C_/Users/yoshi/.pico-sdk/sdk/2.0.0/src/rp2_common/pico_unique_id/unique_id.c.obj
 .text.pico_get_unique_board_id_string
                0x10003d88       0x5c CMakeFiles/HCSR04-Ultraschallsensor.dir/C_/Users/yoshi/.pico-sdk/sdk/2.0.0/src/rp2_common/pico_unique_id/unique_id.c.obj
                0x10003d88                pico_get_unique_board_id_string
 .text.flash_get_unique_id
                0x10003de4       0x40 CMakeFiles/HCSR04-Ultraschallsensor.dir/C_/Users/yoshi/.pico-sdk/sdk/2.0.0/src/rp2_common/hardware_flash/flash.c.obj
                0x10003de4                flash_get_unique_id
 .text._hw_endpoint_alloc
                0x10003e24       0x70 CMakeFiles/HCSR04-Ultraschallsensor.dir/C_/Users/yoshi/.pico-sdk/sdk/2.0.0/lib/tinyusb/src/portable/raspberrypi/rp2040/dcd_rp2040.c.obj
 .text.hw_endpoint_init
                0x10003e94       0xbc CMakeFiles/HCSR04-Ultraschallsensor.dir/C_/Users/yoshi/.pico-sdk/sdk/2.0.0/lib/tinyusb/src/portable/raspberrypi/rp2040/dcd_rp2040.c.obj
 .text.hw_endpoint_xfer
                0x10003f50       0x20 CMakeFiles/HCSR04-Ultraschallsensor.dir/C_/Users/yoshi/.pico-sdk/sdk/2.0.0/lib/tinyusb/src/portable/raspberrypi/rp2040/dcd_rp2040.c.obj
 .text.dcd_int_enable
                0x10003f70       0x2c CMakeFiles/HCSR04-Ultraschallsensor.dir/C_/Users/yoshi/.pico-sdk/sdk/2.0.0/lib/tinyusb/src/portable/raspberrypi/rp2040/dcd_rp2040.c.obj
                0x10003f70                dcd_int_enable
 .text.dcd_set_address
                0x10003f9c       0x2c CMakeFiles/HCSR04-Ultraschallsensor.dir/C_/Users/yoshi/.pico-sdk/sdk/2.0.0/lib/tinyusb/src/portable/raspberrypi/rp2040/dcd_rp2040.c.obj
                0x10003f9c                dcd_set_address
 .text.dcd_connect
                0x10003fc8       0x10 CMakeFiles/HCSR04-Ultraschallsensor.dir/C_/Users/yoshi/.pico-sdk/sdk/2.0.0/lib/tinyusb/src/portable/raspberrypi/rp2040/dcd_rp2040.c.obj
                0x10003fc8                dcd_connect
 .text.dcd_init
                0x10003fd8       0x80 CMakeFiles/HCSR04-Ultraschallsensor.dir/C_/Users/yoshi/.pico-sdk/sdk/2.0.0/lib/tinyusb/src/portable/raspberrypi/rp2040/dcd_rp2040.c.obj
                0x10003fd8                dcd_init
 .text.dcd_sof_enable
                0x10004058       0x1c CMakeFiles/HCSR04-Ultraschallsensor.dir/C_/Users/yoshi/.pico-sdk/sdk/2.0.0/lib/tinyusb/src/portable/raspberrypi/rp2040/dcd_rp2040.c.obj
                0x10004058                dcd_sof_enable
 .text.dcd_edpt0_status_complete
                0x10004074       0x1c CMakeFiles/HCSR04-Ultraschallsensor.dir/C_/Users/yoshi/.pico-sdk/sdk/2.0.0/lib/tinyusb/src/portable/raspberrypi/rp2040/dcd_rp2040.c.obj
                0x10004074                dcd_edpt0_status_complete
 .text.dcd_edpt_open
                0x10004090       0x40 CMakeFiles/HCSR04-Ultraschallsensor.dir/C_/Users/yoshi/.pico-sdk/sdk/2.0.0/lib/tinyusb/src/portable/raspberrypi/rp2040/dcd_rp2040.c.obj
                0x10004090                dcd_edpt_open
 .text.dcd_edpt_close_all
                0x100040d0        0x8 CMakeFiles/HCSR04-Ultraschallsensor.dir/C_/Users/yoshi/.pico-sdk/sdk/2.0.0/lib/tinyusb/src/portable/raspberrypi/rp2040/dcd_rp2040.c.obj
                0x100040d0                dcd_edpt_close_all
 .text.dcd_edpt_xfer
                0x100040d8       0x30 CMakeFiles/HCSR04-Ultraschallsensor.dir/C_/Users/yoshi/.pico-sdk/sdk/2.0.0/lib/tinyusb/src/portable/raspberrypi/rp2040/dcd_rp2040.c.obj
                0x100040d8                dcd_edpt_xfer
 .text.dcd_edpt_stall
                0x10004108       0x3c CMakeFiles/HCSR04-Ultraschallsensor.dir/C_/Users/yoshi/.pico-sdk/sdk/2.0.0/lib/tinyusb/src/portable/raspberrypi/rp2040/dcd_rp2040.c.obj
                0x10004108                dcd_edpt_stall
 .text.dcd_edpt_clear_stall
                0x10004144       0x30 CMakeFiles/HCSR04-Ultraschallsensor.dir/C_/Users/yoshi/.pico-sdk/sdk/2.0.0/lib/tinyusb/src/portable/raspberrypi/rp2040/dcd_rp2040.c.obj
                0x10004144                dcd_edpt_clear_stall
 .text.unaligned_memcpy
                0x10004174       0x14 CMakeFiles/HCSR04-Ultraschallsensor.dir/C_/Users/yoshi/.pico-sdk/sdk/2.0.0/lib/tinyusb/src/portable/raspberrypi/rp2040/rp2040_usb.c.obj
 .text.rp2040_usb_init
                0x10004188       0x44 CMakeFiles/HCSR04-Ultraschallsensor.dir/C_/Users/yoshi/.pico-sdk/sdk/2.0.0/lib/tinyusb/src/portable/raspberrypi/rp2040/rp2040_usb.c.obj
                0x10004188                rp2040_usb_init
 .text.hw_endpoint_xfer_start
                0x100041cc       0x60 CMakeFiles/HCSR04-Ultraschallsensor.dir/C_/Users/yoshi/.pico-sdk/sdk/2.0.0/lib/tinyusb/src/portable/raspberrypi/rp2040/rp2040_usb.c.obj
                0x100041cc                hw_endpoint_xfer_start
 .text.configuration_reset
                0x1000422c       0x84 CMakeFiles/HCSR04-Ultraschallsensor.dir/C_/Users/yoshi/.pico-sdk/sdk/2.0.0/lib/tinyusb/src/device/usbd.c.obj
 .text.critical_section_enter_blocking
                0x100042b0       0x16 CMakeFiles/HCSR04-Ultraschallsensor.dir/C_/Users/yoshi/.pico-sdk/sdk/2.0.0/lib/tinyusb/src/device/usbd.c.obj
 .text.usbd_reset
                0x100042c6        0xc CMakeFiles/HCSR04-Ultraschallsensor.dir/C_/Users/yoshi/.pico-sdk/sdk/2.0.0/lib/tinyusb/src/device/usbd.c.obj
 .text.invoke_class_control
                0x100042d2       0x1a CMakeFiles/HCSR04-Ultraschallsensor.dir/C_/Users/yoshi/.pico-sdk/sdk/2.0.0/lib/tinyusb/src/device/usbd.c.obj
 .text.process_set_config
                0x100042ec      0x1b0 CMakeFiles/HCSR04-Ultraschallsensor.dir/C_/Users/yoshi/.pico-sdk/sdk/2.0.0/lib/tinyusb/src/device/usbd.c.obj
 .text.tud_event_hook_cb
                0x1000449c        0x2 CMakeFiles/HCSR04-Ultraschallsensor.dir/C_/Users/yoshi/.pico-sdk/sdk/2.0.0/lib/tinyusb/src/device/usbd.c.obj
                0x1000449c                tud_event_hook_cb
 .text.tud_sof_cb
                0x1000449e        0x2 CMakeFiles/HCSR04-Ultraschallsensor.dir/C_/Users/yoshi/.pico-sdk/sdk/2.0.0/lib/tinyusb/src/device/usbd.c.obj
                0x1000449e                tud_sof_cb
 .text.tud_descriptor_device_qualifier_cb
                0x100044a0        0x4 CMakeFiles/HCSR04-Ultraschallsensor.dir/C_/Users/yoshi/.pico-sdk/sdk/2.0.0/lib/tinyusb/src/device/usbd.c.obj
                0x100044a0                tud_descriptor_device_qualifier_cb
 .text.tud_descriptor_other_speed_configuration_cb
                0x100044a4        0x4 CMakeFiles/HCSR04-Ultraschallsensor.dir/C_/Users/yoshi/.pico-sdk/sdk/2.0.0/lib/tinyusb/src/device/usbd.c.obj
                0x100044a4                tud_descriptor_other_speed_configuration_cb
 .text.process_get_descriptor
                0x100044a8       0xe0 CMakeFiles/HCSR04-Ultraschallsensor.dir/C_/Users/yoshi/.pico-sdk/sdk/2.0.0/lib/tinyusb/src/device/usbd.c.obj
 .text.tud_mount_cb
                0x10004588        0x2 CMakeFiles/HCSR04-Ultraschallsensor.dir/C_/Users/yoshi/.pico-sdk/sdk/2.0.0/lib/tinyusb/src/device/usbd.c.obj
                0x10004588                tud_mount_cb
 .text.tud_umount_cb
                0x1000458a        0x2 CMakeFiles/HCSR04-Ultraschallsensor.dir/C_/Users/yoshi/.pico-sdk/sdk/2.0.0/lib/tinyusb/src/device/usbd.c.obj
                0x1000458a                tud_umount_cb
 .text.tud_suspend_cb
                0x1000458c        0x2 CMakeFiles/HCSR04-Ultraschallsensor.dir/C_/Users/yoshi/.pico-sdk/sdk/2.0.0/lib/tinyusb/src/device/usbd.c.obj
                0x1000458c                tud_suspend_cb
 .text.tud_resume_cb
                0x1000458e        0x2 CMakeFiles/HCSR04-Ultraschallsensor.dir/C_/Users/yoshi/.pico-sdk/sdk/2.0.0/lib/tinyusb/src/device/usbd.c.obj
                0x1000458e                tud_resume_cb
 .text.tud_mounted
                0x10004590       0x10 CMakeFiles/HCSR04-Ultraschallsensor.dir/C_/Users/yoshi/.pico-sdk/sdk/2.0.0/lib/tinyusb/src/device/usbd.c.obj
                0x10004590                tud_mounted
 .text.tud_suspended
                0x100045a0       0x10 CMakeFiles/HCSR04-Ultraschallsensor.dir/C_/Users/yoshi/.pico-sdk/sdk/2.0.0/lib/tinyusb/src/device/usbd.c.obj
                0x100045a0                tud_suspended
 .text.tud_inited
                0x100045b0       0x14 CMakeFiles/HCSR04-Ultraschallsensor.dir/C_/Users/yoshi/.pico-sdk/sdk/2.0.0/lib/tinyusb/src/device/usbd.c.obj
                0x100045b0                tud_inited
 .text.tud_init
                0x100045c4       0xdc CMakeFiles/HCSR04-Ultraschallsensor.dir/C_/Users/yoshi/.pico-sdk/sdk/2.0.0/lib/tinyusb/src/device/usbd.c.obj
                0x100045c4                tud_init
 .text.usbd_edpt_open
                0x100046a0       0x60 CMakeFiles/HCSR04-Ultraschallsensor.dir/C_/Users/yoshi/.pico-sdk/sdk/2.0.0/lib/tinyusb/src/device/usbd.c.obj
                0x100046a0                usbd_edpt_open
 .text.usbd_open_edpt_pair
                0x10004700       0x8c CMakeFiles/HCSR04-Ultraschallsensor.dir/C_/Users/yoshi/.pico-sdk/sdk/2.0.0/lib/tinyusb/src/device/usbd.c.obj
                0x10004700                usbd_open_edpt_pair
 .text.usbd_edpt_claim
                0x1000478c       0x28 CMakeFiles/HCSR04-Ultraschallsensor.dir/C_/Users/yoshi/.pico-sdk/sdk/2.0.0/lib/tinyusb/src/device/usbd.c.obj
                0x1000478c                usbd_edpt_claim
 .text.usbd_edpt_release
                0x100047b4       0x28 CMakeFiles/HCSR04-Ultraschallsensor.dir/C_/Users/yoshi/.pico-sdk/sdk/2.0.0/lib/tinyusb/src/device/usbd.c.obj
                0x100047b4                usbd_edpt_release
 .text.usbd_edpt_xfer
                0x100047dc       0x88 CMakeFiles/HCSR04-Ultraschallsensor.dir/C_/Users/yoshi/.pico-sdk/sdk/2.0.0/lib/tinyusb/src/device/usbd.c.obj
                0x100047dc                usbd_edpt_xfer
 .text.usbd_edpt_stall
                0x10004864       0x34 CMakeFiles/HCSR04-Ultraschallsensor.dir/C_/Users/yoshi/.pico-sdk/sdk/2.0.0/lib/tinyusb/src/device/usbd.c.obj
                0x10004864                usbd_edpt_stall
 .text.usbd_edpt_clear_stall
                0x10004898       0x34 CMakeFiles/HCSR04-Ultraschallsensor.dir/C_/Users/yoshi/.pico-sdk/sdk/2.0.0/lib/tinyusb/src/device/usbd.c.obj
                0x10004898                usbd_edpt_clear_stall
 .text.usbd_edpt_stalled
                0x100048cc       0x1c CMakeFiles/HCSR04-Ultraschallsensor.dir/C_/Users/yoshi/.pico-sdk/sdk/2.0.0/lib/tinyusb/src/device/usbd.c.obj
                0x100048cc                usbd_edpt_stalled
 .text.process_control_request
                0x100048e8      0x390 CMakeFiles/HCSR04-Ultraschallsensor.dir/C_/Users/yoshi/.pico-sdk/sdk/2.0.0/lib/tinyusb/src/device/usbd.c.obj
 .text.tud_task_ext
                0x10004c78      0x1c8 CMakeFiles/HCSR04-Ultraschallsensor.dir/C_/Users/yoshi/.pico-sdk/sdk/2.0.0/lib/tinyusb/src/device/usbd.c.obj
                0x10004c78                tud_task_ext
 .text._status_stage_xact
                0x10004e40       0x1a CMakeFiles/HCSR04-Ultraschallsensor.dir/C_/Users/yoshi/.pico-sdk/sdk/2.0.0/lib/tinyusb/src/device/usbd_control.c.obj
 *fill*         0x10004e5a        0x2 
 .text._data_stage_xact
                0x10004e5c       0x60 CMakeFiles/HCSR04-Ultraschallsensor.dir/C_/Users/yoshi/.pico-sdk/sdk/2.0.0/lib/tinyusb/src/device/usbd_control.c.obj
 .text.tud_control_status
                0x10004ebc       0x28 CMakeFiles/HCSR04-Ultraschallsensor.dir/C_/Users/yoshi/.pico-sdk/sdk/2.0.0/lib/tinyusb/src/device/usbd_control.c.obj
                0x10004ebc                tud_control_status
 .text.tud_control_xfer
                0x10004ee4       0x98 CMakeFiles/HCSR04-Ultraschallsensor.dir/C_/Users/yoshi/.pico-sdk/sdk/2.0.0/lib/tinyusb/src/device/usbd_control.c.obj
                0x10004ee4                tud_control_xfer
 .text.usbd_control_reset
                0x10004f7c       0x14 CMakeFiles/HCSR04-Ultraschallsensor.dir/C_/Users/yoshi/.pico-sdk/sdk/2.0.0/lib/tinyusb/src/device/usbd_control.c.obj
                0x10004f7c                usbd_control_reset
 .text.usbd_control_set_complete_callback
                0x10004f90        0xc CMakeFiles/HCSR04-Ultraschallsensor.dir/C_/Users/yoshi/.pico-sdk/sdk/2.0.0/lib/tinyusb/src/device/usbd_control.c.obj
                0x10004f90                usbd_control_set_complete_callback
 .text.usbd_control_set_request
                0x10004f9c       0x1c CMakeFiles/HCSR04-Ultraschallsensor.dir/C_/Users/yoshi/.pico-sdk/sdk/2.0.0/lib/tinyusb/src/device/usbd_control.c.obj
                0x10004f9c                usbd_control_set_request
 .text.usbd_control_xfer_cb
                0x10004fb8       0xe0 CMakeFiles/HCSR04-Ultraschallsensor.dir/C_/Users/yoshi/.pico-sdk/sdk/2.0.0/lib/tinyusb/src/device/usbd_control.c.obj
                0x10004fb8                usbd_control_xfer_cb
 .text._prep_out_transaction
                0x10005098       0x72 CMakeFiles/HCSR04-Ultraschallsensor.dir/C_/Users/yoshi/.pico-sdk/sdk/2.0.0/lib/tinyusb/src/class/cdc/cdc_device.c.obj
 *fill*         0x1000510a        0x2 
 .text.tud_cdc_n_connected
                0x1000510c       0x38 CMakeFiles/HCSR04-Ultraschallsensor.dir/C_/Users/yoshi/.pico-sdk/sdk/2.0.0/lib/tinyusb/src/class/cdc/cdc_device.c.obj
                0x1000510c                tud_cdc_n_connected
 .text.tud_cdc_n_available
                0x10005144       0x18 CMakeFiles/HCSR04-Ultraschallsensor.dir/C_/Users/yoshi/.pico-sdk/sdk/2.0.0/lib/tinyusb/src/class/cdc/cdc_device.c.obj
                0x10005144                tud_cdc_n_available
 .text.tud_cdc_n_read
                0x1000515c       0x38 CMakeFiles/HCSR04-Ultraschallsensor.dir/C_/Users/yoshi/.pico-sdk/sdk/2.0.0/lib/tinyusb/src/class/cdc/cdc_device.c.obj
                0x1000515c                tud_cdc_n_read
 .text.tud_cdc_n_write_flush
                0x10005194       0xcc CMakeFiles/HCSR04-Ultraschallsensor.dir/C_/Users/yoshi/.pico-sdk/sdk/2.0.0/lib/tinyusb/src/class/cdc/cdc_device.c.obj
                0x10005194                tud_cdc_n_write_flush
 .text.tud_cdc_n_write
                0x10005260       0x48 CMakeFiles/HCSR04-Ultraschallsensor.dir/C_/Users/yoshi/.pico-sdk/sdk/2.0.0/lib/tinyusb/src/class/cdc/cdc_device.c.obj
                0x10005260                tud_cdc_n_write
 .text.tud_cdc_n_write_available
                0x100052a8       0x1c CMakeFiles/HCSR04-Ultraschallsensor.dir/C_/Users/yoshi/.pico-sdk/sdk/2.0.0/lib/tinyusb/src/class/cdc/cdc_device.c.obj
                0x100052a8                tud_cdc_n_write_available
 .text.cdcd_init
                0x100052c4       0xc0 CMakeFiles/HCSR04-Ultraschallsensor.dir/C_/Users/yoshi/.pico-sdk/sdk/2.0.0/lib/tinyusb/src/class/cdc/cdc_device.c.obj
                0x100052c4                cdcd_init
 .text.cdcd_deinit
                0x10005384       0x50 CMakeFiles/HCSR04-Ultraschallsensor.dir/C_/Users/yoshi/.pico-sdk/sdk/2.0.0/lib/tinyusb/src/class/cdc/cdc_device.c.obj
                0x10005384                cdcd_deinit
 .text.cdcd_reset
                0x100053d4       0x78 CMakeFiles/HCSR04-Ultraschallsensor.dir/C_/Users/yoshi/.pico-sdk/sdk/2.0.0/lib/tinyusb/src/class/cdc/cdc_device.c.obj
                0x100053d4                cdcd_reset
 .text.cdcd_open
                0x1000544c       0xf0 CMakeFiles/HCSR04-Ultraschallsensor.dir/C_/Users/yoshi/.pico-sdk/sdk/2.0.0/lib/tinyusb/src/class/cdc/cdc_device.c.obj
                0x1000544c                cdcd_open
 .text.cdcd_control_xfer_cb
                0x1000553c      0x138 CMakeFiles/HCSR04-Ultraschallsensor.dir/C_/Users/yoshi/.pico-sdk/sdk/2.0.0/lib/tinyusb/src/class/cdc/cdc_device.c.obj
                0x1000553c                cdcd_control_xfer_cb
 .text.cdcd_xfer_cb
                0x10005674      0x144 CMakeFiles/HCSR04-Ultraschallsensor.dir/C_/Users/yoshi/.pico-sdk/sdk/2.0.0/lib/tinyusb/src/class/cdc/cdc_device.c.obj
                0x10005674                cdcd_xfer_cb
 .text._prep_out_transaction
                0x100057b8       0x3a CMakeFiles/HCSR04-Ultraschallsensor.dir/C_/Users/yoshi/.pico-sdk/sdk/2.0.0/lib/tinyusb/src/class/vendor/vendor_device.c.obj
 *fill*         0x100057f2        0x2 
 .text.tud_vendor_n_write_flush
                0x100057f4       0xcc CMakeFiles/HCSR04-Ultraschallsensor.dir/C_/Users/yoshi/.pico-sdk/sdk/2.0.0/lib/tinyusb/src/class/vendor/vendor_device.c.obj
                0x100057f4                tud_vendor_n_write_flush
 .text.vendord_init
                0x100058c0       0xa0 CMakeFiles/HCSR04-Ultraschallsensor.dir/C_/Users/yoshi/.pico-sdk/sdk/2.0.0/lib/tinyusb/src/class/vendor/vendor_device.c.obj
                0x100058c0                vendord_init
 .text.vendord_deinit
                0x10005960       0x50 CMakeFiles/HCSR04-Ultraschallsensor.dir/C_/Users/yoshi/.pico-sdk/sdk/2.0.0/lib/tinyusb/src/class/vendor/vendor_device.c.obj
                0x10005960                vendord_deinit
 .text.vendord_reset
                0x100059b0       0x38 CMakeFiles/HCSR04-Ultraschallsensor.dir/C_/Users/yoshi/.pico-sdk/sdk/2.0.0/lib/tinyusb/src/class/vendor/vendor_device.c.obj
                0x100059b0                vendord_reset
 .text.vendord_open
                0x100059e8       0xd0 CMakeFiles/HCSR04-Ultraschallsensor.dir/C_/Users/yoshi/.pico-sdk/sdk/2.0.0/lib/tinyusb/src/class/vendor/vendor_device.c.obj
                0x100059e8                vendord_open
 .text.vendord_xfer_cb
                0x10005ab8       0xc8 CMakeFiles/HCSR04-Ultraschallsensor.dir/C_/Users/yoshi/.pico-sdk/sdk/2.0.0/lib/tinyusb/src/class/vendor/vendor_device.c.obj
                0x10005ab8                vendord_xfer_cb
 .text.tusb_init
                0x10005b80       0x24 CMakeFiles/HCSR04-Ultraschallsensor.dir/C_/Users/yoshi/.pico-sdk/sdk/2.0.0/lib/tinyusb/src/tusb.c.obj
                0x10005b80                tusb_init
 .text.tu_edpt_claim
                0x10005ba4       0x50 CMakeFiles/HCSR04-Ultraschallsensor.dir/C_/Users/yoshi/.pico-sdk/sdk/2.0.0/lib/tinyusb/src/tusb.c.obj
                0x10005ba4                tu_edpt_claim
 .text.tu_edpt_release
                0x10005bf4       0x38 CMakeFiles/HCSR04-Ultraschallsensor.dir/C_/Users/yoshi/.pico-sdk/sdk/2.0.0/lib/tinyusb/src/tusb.c.obj
                0x10005bf4                tu_edpt_release
 .text.tu_edpt_validate
                0x10005c2c       0xac CMakeFiles/HCSR04-Ultraschallsensor.dir/C_/Users/yoshi/.pico-sdk/sdk/2.0.0/lib/tinyusb/src/tusb.c.obj
                0x10005c2c                tu_edpt_validate
 .text.tu_edpt_bind_driver
                0x10005cd8       0x26 CMakeFiles/HCSR04-Ultraschallsensor.dir/C_/Users/yoshi/.pico-sdk/sdk/2.0.0/lib/tinyusb/src/tusb.c.obj
                0x10005cd8                tu_edpt_bind_driver
 .text.advance_index
                0x10005cfe       0x1a CMakeFiles/HCSR04-Ultraschallsensor.dir/C_/Users/yoshi/.pico-sdk/sdk/2.0.0/lib/tinyusb/src/common/tusb_fifo.c.obj
 .text._tu_fifo_peek
                0x10005d18       0x56 CMakeFiles/HCSR04-Ultraschallsensor.dir/C_/Users/yoshi/.pico-sdk/sdk/2.0.0/lib/tinyusb/src/common/tusb_fifo.c.obj
 .text._ff_pull_n
                0x10005d6e       0x68 CMakeFiles/HCSR04-Ultraschallsensor.dir/C_/Users/yoshi/.pico-sdk/sdk/2.0.0/lib/tinyusb/src/common/tusb_fifo.c.obj
 .text._tu_fifo_peek_n
                0x10005dd6       0x6a CMakeFiles/HCSR04-Ultraschallsensor.dir/C_/Users/yoshi/.pico-sdk/sdk/2.0.0/lib/tinyusb/src/common/tusb_fifo.c.obj
 .text._tu_fifo_read_n
                0x10005e40       0x4e CMakeFiles/HCSR04-Ultraschallsensor.dir/C_/Users/yoshi/.pico-sdk/sdk/2.0.0/lib/tinyusb/src/common/tusb_fifo.c.obj
 .text._ff_push_n
                0x10005e8e       0x68 CMakeFiles/HCSR04-Ultraschallsensor.dir/C_/Users/yoshi/.pico-sdk/sdk/2.0.0/lib/tinyusb/src/common/tusb_fifo.c.obj
 .text._tu_fifo_write_n
                0x10005ef6       0xf0 CMakeFiles/HCSR04-Ultraschallsensor.dir/C_/Users/yoshi/.pico-sdk/sdk/2.0.0/lib/tinyusb/src/common/tusb_fifo.c.obj
 .text.tu_fifo_config
                0x10005fe6       0x7c CMakeFiles/HCSR04-Ultraschallsensor.dir/C_/Users/yoshi/.pico-sdk/sdk/2.0.0/lib/tinyusb/src/common/tusb_fifo.c.obj
                0x10005fe6                tu_fifo_config
 .text.tu_fifo_count
                0x10006062       0x2a CMakeFiles/HCSR04-Ultraschallsensor.dir/C_/Users/yoshi/.pico-sdk/sdk/2.0.0/lib/tinyusb/src/common/tusb_fifo.c.obj
                0x10006062                tu_fifo_count
 .text.tu_fifo_empty
                0x1000608c        0xe CMakeFiles/HCSR04-Ultraschallsensor.dir/C_/Users/yoshi/.pico-sdk/sdk/2.0.0/lib/tinyusb/src/common/tusb_fifo.c.obj
                0x1000608c                tu_fifo_empty
 .text.tu_fifo_full
                0x1000609a       0x28 CMakeFiles/HCSR04-Ultraschallsensor.dir/C_/Users/yoshi/.pico-sdk/sdk/2.0.0/lib/tinyusb/src/common/tusb_fifo.c.obj
                0x1000609a                tu_fifo_full
 .text.tu_fifo_remaining
                0x100060c2       0x2c CMakeFiles/HCSR04-Ultraschallsensor.dir/C_/Users/yoshi/.pico-sdk/sdk/2.0.0/lib/tinyusb/src/common/tusb_fifo.c.obj
                0x100060c2                tu_fifo_remaining
 .text.tu_fifo_read
                0x100060ee       0x42 CMakeFiles/HCSR04-Ultraschallsensor.dir/C_/Users/yoshi/.pico-sdk/sdk/2.0.0/lib/tinyusb/src/common/tusb_fifo.c.obj
                0x100060ee                tu_fifo_read
 .text.tu_fifo_read_n
                0x10006130        0xa CMakeFiles/HCSR04-Ultraschallsensor.dir/C_/Users/yoshi/.pico-sdk/sdk/2.0.0/lib/tinyusb/src/common/tusb_fifo.c.obj
                0x10006130                tu_fifo_read_n
 .text.tu_fifo_write
                0x1000613a       0x64 CMakeFiles/HCSR04-Ultraschallsensor.dir/C_/Users/yoshi/.pico-sdk/sdk/2.0.0/lib/tinyusb/src/common/tusb_fifo.c.obj
                0x1000613a                tu_fifo_write
 .text.tu_fifo_write_n
                0x1000619e        0xa CMakeFiles/HCSR04-Ultraschallsensor.dir/C_/Users/yoshi/.pico-sdk/sdk/2.0.0/lib/tinyusb/src/common/tusb_fifo.c.obj
                0x1000619e                tu_fifo_write_n
 .text.tu_fifo_clear
                0x100061a8       0x3e CMakeFiles/HCSR04-Ultraschallsensor.dir/C_/Users/yoshi/.pico-sdk/sdk/2.0.0/lib/tinyusb/src/common/tusb_fifo.c.obj
                0x100061a8                tu_fifo_clear
 .text.tu_fifo_set_overwritable
                0x100061e6       0x46 CMakeFiles/HCSR04-Ultraschallsensor.dir/C_/Users/yoshi/.pico-sdk/sdk/2.0.0/lib/tinyusb/src/common/tusb_fifo.c.obj
                0x100061e6                tu_fifo_set_overwritable
 .text.strlen   0x1000622c       0x5c C:/Users/yoshi/.pico-sdk/toolchain/13_2_Rel1/bin/../lib/gcc/arm-none-eabi/13.2.1/thumb/v6-m/nofp\libg.a(libc_a-strlen-stub.o)
                0x1000622c                strlen
 *(.fini)
 .fini          0x10006288        0x4 C:/Users/yoshi/.pico-sdk/toolchain/13_2_Rel1/bin/../lib/gcc/arm-none-eabi/13.2.1/thumb/v6-m/nofp/crti.o
                0x10006288                _fini
 *fill*         0x1000628c        0x4 
 .fini.__stub   0x10006290       0xd0 linker stubs
 *crtbegin.o(.ctors)
 *crtbegin?.o(.ctors)
 *(EXCLUDE_FILE(*crtend.o *crtend?.o) .ctors)
 *(SORT_BY_NAME(.ctors.*))
 *(.ctors)
 *crtbegin.o(.dtors)
 *crtbegin?.o(.dtors)
 *(EXCLUDE_FILE(*crtend.o *crtend?.o) .dtors)
 *(SORT_BY_NAME(.dtors.*))
 *(.dtors)
                0x10006360                        . = ALIGN (0x4)
                0x10006360                        PROVIDE (__preinit_array_start = .)
 *(SORT_BY_NAME(.preinit_array.*))
 .preinit_array.00100
                0x10006360        0x4 CMakeFiles/HCSR04-Ultraschallsensor.dir/C_/Users/yoshi/.pico-sdk/sdk/2.0.0/src/rp2_common/pico_runtime_init/runtime_init.c.obj
                0x10006360                __pre_init_runtime_init_early_resets
 .preinit_array.00101
                0x10006364        0x4 CMakeFiles/HCSR04-Ultraschallsensor.dir/C_/Users/yoshi/.pico-sdk/sdk/2.0.0/src/rp2_common/pico_runtime_init/runtime_init.c.obj
                0x10006364                __pre_init_runtime_init_usb_power_down
 .preinit_array.00275
                0x10006368        0x4 CMakeFiles/HCSR04-Ultraschallsensor.dir/C_/Users/yoshi/.pico-sdk/sdk/2.0.0/src/rp2_common/pico_bit_ops/bit_ops_aeabi.S.obj
 .preinit_array.00300
                0x1000636c        0x4 CMakeFiles/HCSR04-Ultraschallsensor.dir/C_/Users/yoshi/.pico-sdk/sdk/2.0.0/src/rp2_common/pico_mem_ops/mem_ops_aeabi.S.obj
 .preinit_array.00350
                0x10006370        0x4 CMakeFiles/HCSR04-Ultraschallsensor.dir/C_/Users/yoshi/.pico-sdk/sdk/2.0.0/src/rp2_common/pico_double/double_aeabi_rp2040.S.obj
 .preinit_array.00350
                0x10006374        0x4 CMakeFiles/HCSR04-Ultraschallsensor.dir/C_/Users/yoshi/.pico-sdk/sdk/2.0.0/src/rp2_common/pico_float/float_aeabi_rp2040.S.obj
 .preinit_array.00500
                0x10006378        0x4 CMakeFiles/HCSR04-Ultraschallsensor.dir/C_/Users/yoshi/.pico-sdk/sdk/2.0.0/src/rp2_common/pico_runtime_init/runtime_init.c.obj
                0x10006378                __pre_init_runtime_init_clocks
 .preinit_array.00600
                0x1000637c        0x4 CMakeFiles/HCSR04-Ultraschallsensor.dir/C_/Users/yoshi/.pico-sdk/sdk/2.0.0/src/rp2_common/pico_runtime_init/runtime_init.c.obj
                0x1000637c                __pre_init_runtime_init_post_clock_resets
 .preinit_array.00700
                0x10006380        0x4 CMakeFiles/HCSR04-Ultraschallsensor.dir/C_/Users/yoshi/.pico-sdk/sdk/2.0.0/src/rp2_common/pico_runtime_init/runtime_init.c.obj
                0x10006380                __pre_init_runtime_init_rp2040_gpio_ie_disable
 .preinit_array.01000
                0x10006384        0x4 CMakeFiles/HCSR04-Ultraschallsensor.dir/C_/Users/yoshi/.pico-sdk/sdk/2.0.0/src/rp2_common/pico_runtime_init/runtime_init.c.obj
                0x10006384                __pre_init_runtime_init_spin_locks_reset
 .preinit_array.01100
                0x10006388        0x4 CMakeFiles/HCSR04-Ultraschallsensor.dir/C_/Users/yoshi/.pico-sdk/sdk/2.0.0/src/common/pico_sync/mutex.c.obj
                0x10006388                __pre_init_runtime_init_mutex
 .preinit_array.10080
                0x1000638c        0x4 CMakeFiles/HCSR04-Ultraschallsensor.dir/C_/Users/yoshi/.pico-sdk/sdk/2.0.0/src/rp2_common/pico_runtime_init/runtime_init.c.obj
                0x1000638c                __pre_init_runtime_init_install_ram_vector_table
 .preinit_array.11000
                0x10006390        0x4 CMakeFiles/HCSR04-Ultraschallsensor.dir/C_/Users/yoshi/.pico-sdk/sdk/2.0.0/src/common/pico_time/time.c.obj
                0x10006390                __pre_init_runtime_init_default_alarm_pool
 .preinit_array.YYYYY
                0x10006394        0x4 CMakeFiles/HCSR04-Ultraschallsensor.dir/C_/Users/yoshi/.pico-sdk/sdk/2.0.0/src/rp2_common/pico_runtime/runtime.c.obj
                0x10006394                __pre_init_first_per_core_initializer
 .preinit_array.ZZZZZ.01200
                0x10006398        0x4 CMakeFiles/HCSR04-Ultraschallsensor.dir/C_/Users/yoshi/.pico-sdk/sdk/2.0.0/src/rp2_common/hardware_irq/irq.c.obj
                0x10006398                __pre_init_runtime_init_per_core_irq_priorities
 *(.preinit_array)
                0x1000639c                        PROVIDE (__preinit_array_end = .)
                0x1000639c                        . = ALIGN (0x4)
                0x1000639c                        PROVIDE (__init_array_start = .)
 *(SORT_BY_NAME(.init_array.*))
 *(.init_array)
 .init_array    0x1000639c        0x4 C:/Users/yoshi/.pico-sdk/toolchain/13_2_Rel1/bin/../lib/gcc/arm-none-eabi/13.2.1/thumb/v6-m/nofp/crtbegin.o
 .init_array    0x100063a0        0x4 CMakeFiles/HCSR04-Ultraschallsensor.dir/C_/Users/yoshi/.pico-sdk/sdk/2.0.0/src/rp2_common/pico_unique_id/unique_id.c.obj
                0x100063a4                        PROVIDE (__init_array_end = .)
                0x100063a4                        . = ALIGN (0x4)
                [!provide]                        PROVIDE (__fini_array_start = .)
 *(SORT_BY_NAME(.fini_array.*))
 *(.fini_array)
                [!provide]                        PROVIDE (__fini_array_end = .)
 *(.eh_frame*)
 .eh_frame      0x100063a4        0x0 C:/Users/yoshi/.pico-sdk/toolchain/13_2_Rel1/bin/../lib/gcc/arm-none-eabi/13.2.1/thumb/v6-m/nofp/crtbegin.o
                0x100063a4                        . = ALIGN (0x4)

.glue_7         0x100063a4        0x0
 .glue_7        0x100063a4        0x0 linker stubs

.glue_7t        0x100063a4        0x0
 .glue_7t       0x100063a4        0x0 linker stubs

.vfp11_veneer   0x100063a4        0x0
 .vfp11_veneer  0x100063a4        0x0 linker stubs

.v4_bx          0x100063a4        0x0
 .v4_bx         0x100063a4        0x0 linker stubs

.iplt           0x100063a4        0x0
 .iplt          0x100063a4        0x0 C:/Users/yoshi/.pico-sdk/toolchain/13_2_Rel1/bin/../lib/gcc/arm-none-eabi/13.2.1/thumb/v6-m/nofp/crtbegin.o

.rodata         0x100063a8     0x13f4
 *(EXCLUDE_FILE(*libm.a: *libc.a:*lib_a-mem*.o *libgcc.a:) .rodata*)
 .rodata.main.str1.4
                0x100063a8      0xc1f CMakeFiles/HCSR04-Ultraschallsensor.dir/HCSR04-Ultraschallsensor.cpp.obj
                                 0x29 (size before relaxing)
 .rodata.rp2040_chip_version.str1.4
                0x10006fc7       0x7d CMakeFiles/HCSR04-Ultraschallsensor.dir/C_/Users/yoshi/.pico-sdk/sdk/2.0.0/src/rp2040/pico_platform/platform.c.obj
 *fill*         0x10006fc7        0x1 
 .rodata.__func__.0
                0x10006fc8       0x14 CMakeFiles/HCSR04-Ultraschallsensor.dir/C_/Users/yoshi/.pico-sdk/sdk/2.0.0/src/rp2040/pico_platform/platform.c.obj
 .rodata.panic.str1.4
                0x10006fdc       0x12 CMakeFiles/HCSR04-Ultraschallsensor.dir/C_/Users/yoshi/.pico-sdk/sdk/2.0.0/src/rp2_common/pico_platform_panic/panic.c.obj
 .rodata.spin_lock_claim_unused.str1.4
                0x10006fdc       0x1b CMakeFiles/HCSR04-Ultraschallsensor.dir/C_/Users/yoshi/.pico-sdk/sdk/2.0.0/src/rp2_common/hardware_sync/sync.c.obj
 .rodata.resolve_j_16.str1.4
                0x10006fdc       0x5d CMakeFiles/HCSR04-Ultraschallsensor.dir/C_/Users/yoshi/.pico-sdk/sdk/2.0.0/src/rp2_common/hardware_irq/irq.c.obj
 .rodata.make_j_16.str1.4
                0x10006fdc       0x30 CMakeFiles/HCSR04-Ultraschallsensor.dir/C_/Users/yoshi/.pico-sdk/sdk/2.0.0/src/rp2_common/hardware_irq/irq.c.obj
 .rodata.irq_set_exclusive_handler.str1.4
                0x10006fdc       0x36 CMakeFiles/HCSR04-Ultraschallsensor.dir/C_/Users/yoshi/.pico-sdk/sdk/2.0.0/src/rp2_common/hardware_irq/irq.c.obj
 .rodata.irq_add_shared_handler.str1.4
                0x10006fdc       0xd2 CMakeFiles/HCSR04-Ultraschallsensor.dir/C_/Users/yoshi/.pico-sdk/sdk/2.0.0/src/rp2_common/hardware_irq/irq.c.obj
 .rodata.irq_add_tail_to_free_list.str1.4
                0x10006fdc       0x3a CMakeFiles/HCSR04-Ultraschallsensor.dir/C_/Users/yoshi/.pico-sdk/sdk/2.0.0/src/rp2_common/hardware_irq/irq.c.obj
 .rodata.user_irq_claim_unused.str1.4
                0x10006fdc       0x1b CMakeFiles/HCSR04-Ultraschallsensor.dir/C_/Users/yoshi/.pico-sdk/sdk/2.0.0/src/rp2_common/hardware_irq/irq.c.obj
 .rodata.__func__.0
                0x10006fdc       0x1a CMakeFiles/HCSR04-Ultraschallsensor.dir/C_/Users/yoshi/.pico-sdk/sdk/2.0.0/src/rp2_common/hardware_irq/irq.c.obj
 *fill*         0x10006ff6        0x2 
 .rodata.__func__.3
                0x10006ff8        0xa CMakeFiles/HCSR04-Ultraschallsensor.dir/C_/Users/yoshi/.pico-sdk/sdk/2.0.0/src/rp2_common/hardware_irq/irq.c.obj
 *fill*         0x10007002        0x2 
 .rodata.__func__.4
                0x10007004        0xd CMakeFiles/HCSR04-Ultraschallsensor.dir/C_/Users/yoshi/.pico-sdk/sdk/2.0.0/src/rp2_common/hardware_irq/irq.c.obj
 *fill*         0x10007011        0x3 
 .rodata.__func__.5
                0x10007014       0x17 CMakeFiles/HCSR04-Ultraschallsensor.dir/C_/Users/yoshi/.pico-sdk/sdk/2.0.0/src/rp2_common/hardware_irq/irq.c.obj
 *fill*         0x1000702b        0x1 
 .rodata.__func__.6
                0x1000702c       0x1a CMakeFiles/HCSR04-Ultraschallsensor.dir/C_/Users/yoshi/.pico-sdk/sdk/2.0.0/src/rp2_common/hardware_irq/irq.c.obj
 .rodata.runtime_init_mutex.str1.4
                0x10007046       0x60 CMakeFiles/HCSR04-Ultraschallsensor.dir/C_/Users/yoshi/.pico-sdk/sdk/2.0.0/src/common/pico_sync/mutex.c.obj
 .rodata.str1.4
                0x10007046       0x51 CMakeFiles/HCSR04-Ultraschallsensor.dir/C_/Users/yoshi/.pico-sdk/sdk/2.0.0/src/common/pico_sync/mutex.c.obj
 *fill*         0x10007046        0x2 
 .rodata.__func__.1
                0x10007048        0xb CMakeFiles/HCSR04-Ultraschallsensor.dir/C_/Users/yoshi/.pico-sdk/sdk/2.0.0/src/common/pico_sync/mutex.c.obj
 *fill*         0x10007053        0x1 
 .rodata.__func__.3
                0x10007054       0x18 CMakeFiles/HCSR04-Ultraschallsensor.dir/C_/Users/yoshi/.pico-sdk/sdk/2.0.0/src/common/pico_sync/mutex.c.obj
 .rodata.__func__.6
                0x1000706c       0x13 CMakeFiles/HCSR04-Ultraschallsensor.dir/C_/Users/yoshi/.pico-sdk/sdk/2.0.0/src/common/pico_sync/mutex.c.obj
 .rodata.alarm_pool_irq_handler.str1.4
                0x1000707f       0x6b CMakeFiles/HCSR04-Ultraschallsensor.dir/C_/Users/yoshi/.pico-sdk/sdk/2.0.0/src/common/pico_time/time.c.obj
 .rodata.alarm_pool_get_default.str1.4
                0x1000707f       0x21 CMakeFiles/HCSR04-Ultraschallsensor.dir/C_/Users/yoshi/.pico-sdk/sdk/2.0.0/src/common/pico_time/time.c.obj
 .rodata.sleep_until.str1.4
                0x1000707f       0x4d CMakeFiles/HCSR04-Ultraschallsensor.dir/C_/Users/yoshi/.pico-sdk/sdk/2.0.0/src/common/pico_time/time.c.obj
 *fill*         0x1000707f        0x1 
 .rodata.__func__.1
                0x10007080       0x17 CMakeFiles/HCSR04-Ultraschallsensor.dir/C_/Users/yoshi/.pico-sdk/sdk/2.0.0/src/common/pico_time/time.c.obj
 *fill*         0x10007097        0x1 
 .rodata.__func__.2
                0x10007098       0x17 CMakeFiles/HCSR04-Ultraschallsensor.dir/C_/Users/yoshi/.pico-sdk/sdk/2.0.0/src/common/pico_time/time.c.obj
 .rodata.timer_hardware_alarm_claim.str1.4
                0x100070af       0x22 CMakeFiles/HCSR04-Ultraschallsensor.dir/C_/Users/yoshi/.pico-sdk/sdk/2.0.0/src/rp2_common/hardware_timer/timer.c.obj
 .rodata.pll_init.str1.4
                0x100070af      0x11c CMakeFiles/HCSR04-Ultraschallsensor.dir/C_/Users/yoshi/.pico-sdk/sdk/2.0.0/src/rp2_common/hardware_pll/pll.c.obj
 *fill*         0x100070af        0x1 
 .rodata.__func__.0
                0x100070b0        0x9 CMakeFiles/HCSR04-Ultraschallsensor.dir/C_/Users/yoshi/.pico-sdk/sdk/2.0.0/src/rp2_common/hardware_pll/pll.c.obj
 .rodata.missing_double_func_shim.str1.4
                0x100070b9       0x18 CMakeFiles/HCSR04-Ultraschallsensor.dir/C_/Users/yoshi/.pico-sdk/sdk/2.0.0/src/rp2_common/pico_double/double_init_rom_rp2040.c.obj
 .rodata.__aeabi_double_init.str1.4
                0x100070b9       0x9b CMakeFiles/HCSR04-Ultraschallsensor.dir/C_/Users/yoshi/.pico-sdk/sdk/2.0.0/src/rp2_common/pico_double/double_init_rom_rp2040.c.obj
 *fill*         0x100070b9        0x3 
 .rodata.__func__.0
                0x100070bc       0x14 CMakeFiles/HCSR04-Ultraschallsensor.dir/C_/Users/yoshi/.pico-sdk/sdk/2.0.0/src/rp2_common/pico_double/double_init_rom_rp2040.c.obj
 .rodata.missing_float_func_shim.str1.4
                0x100070d0        0x1 CMakeFiles/HCSR04-Ultraschallsensor.dir/C_/Users/yoshi/.pico-sdk/sdk/2.0.0/src/rp2_common/pico_float/float_init_rom_rp2040.c.obj
 .rodata.__aeabi_float_init.str1.4
                0x100070d0       0x89 CMakeFiles/HCSR04-Ultraschallsensor.dir/C_/Users/yoshi/.pico-sdk/sdk/2.0.0/src/rp2_common/pico_float/float_init_rom_rp2040.c.obj
 .rodata.__func__.0
                0x100070d0       0x13 CMakeFiles/HCSR04-Ultraschallsensor.dir/C_/Users/yoshi/.pico-sdk/sdk/2.0.0/src/rp2_common/pico_float/float_init_rom_rp2040.c.obj
 .rodata.str1.4
                0x100070e3       0x44 CMakeFiles/HCSR04-Ultraschallsensor.dir/C_/Users/yoshi/.pico-sdk/sdk/2.0.0/src/rp2_common/pico_standard_binary_info/standard_binary_info.c.obj
 *fill*         0x100070e3        0x1 
 .rodata.__bi_84
                0x100070e4        0xc CMakeFiles/HCSR04-Ultraschallsensor.dir/C_/Users/yoshi/.pico-sdk/sdk/2.0.0/src/rp2_common/pico_standard_binary_info/standard_binary_info.c.obj
 .rodata.__bi_60
                0x100070f0        0xc CMakeFiles/HCSR04-Ultraschallsensor.dir/C_/Users/yoshi/.pico-sdk/sdk/2.0.0/src/rp2_common/pico_standard_binary_info/standard_binary_info.c.obj
 .rodata.__bi_54
                0x100070fc        0xc CMakeFiles/HCSR04-Ultraschallsensor.dir/C_/Users/yoshi/.pico-sdk/sdk/2.0.0/src/rp2_common/pico_standard_binary_info/standard_binary_info.c.obj
 .rodata.__bi_48
                0x10007108        0xc CMakeFiles/HCSR04-Ultraschallsensor.dir/C_/Users/yoshi/.pico-sdk/sdk/2.0.0/src/rp2_common/pico_standard_binary_info/standard_binary_info.c.obj
 .rodata.__bi_42
                0x10007114        0xc CMakeFiles/HCSR04-Ultraschallsensor.dir/C_/Users/yoshi/.pico-sdk/sdk/2.0.0/src/rp2_common/pico_standard_binary_info/standard_binary_info.c.obj
 .rodata.__bi_34
                0x10007120        0xc CMakeFiles/HCSR04-Ultraschallsensor.dir/C_/Users/yoshi/.pico-sdk/sdk/2.0.0/src/rp2_common/pico_standard_binary_info/standard_binary_info.c.obj
 .rodata.__bi_26
                0x1000712c        0xc CMakeFiles/HCSR04-Ultraschallsensor.dir/C_/Users/yoshi/.pico-sdk/sdk/2.0.0/src/rp2_common/pico_standard_binary_info/standard_binary_info.c.obj
 .rodata._ftoa.str1.4
                0x10007138       0x15 CMakeFiles/HCSR04-Ultraschallsensor.dir/C_/Users/yoshi/.pico-sdk/sdk/2.0.0/src/rp2_common/pico_printf/printf.c.obj
 .rodata._vsnprintf
                0x10007138      0x19c CMakeFiles/HCSR04-Ultraschallsensor.dir/C_/Users/yoshi/.pico-sdk/sdk/2.0.0/src/rp2_common/pico_printf/printf.c.obj
 *fill*         0x100072d4        0x4 
 .rodata.pow10.0
                0x100072d8       0x50 CMakeFiles/HCSR04-Ultraschallsensor.dir/C_/Users/yoshi/.pico-sdk/sdk/2.0.0/src/rp2_common/pico_printf/printf.c.obj
 .rodata.__assert_func.str1.4
                0x10007328       0x43 CMakeFiles/HCSR04-Ultraschallsensor.dir/C_/Users/yoshi/.pico-sdk/sdk/2.0.0/src/rp2_common/pico_clib_interface/newlib_interface.c.obj
 .rodata.crlf_str.0
                0x10007328        0x2 CMakeFiles/HCSR04-Ultraschallsensor.dir/C_/Users/yoshi/.pico-sdk/sdk/2.0.0/src/rp2_common/pico_stdio/stdio.c.obj
 *fill*         0x1000732a        0x2 
 .rodata._resetd_driver
                0x1000732c       0x20 CMakeFiles/HCSR04-Ultraschallsensor.dir/C_/Users/yoshi/.pico-sdk/sdk/2.0.0/src/rp2_common/pico_stdio_usb/reset_interface.c.obj
 .rodata.desc_ms_os_20
                0x1000734c       0xa6 CMakeFiles/HCSR04-Ultraschallsensor.dir/C_/Users/yoshi/.pico-sdk/sdk/2.0.0/src/rp2_common/pico_stdio_usb/reset_interface.c.obj
 *fill*         0x100073f2        0x2 
 .rodata.desc_bos
                0x100073f4       0x21 CMakeFiles/HCSR04-Ultraschallsensor.dir/C_/Users/yoshi/.pico-sdk/sdk/2.0.0/src/rp2_common/pico_stdio_usb/reset_interface.c.obj
                0x100073f4                desc_bos
 .rodata.stdio_usb_init.str1.4
                0x10007415       0x55 CMakeFiles/HCSR04-Ultraschallsensor.dir/C_/Users/yoshi/.pico-sdk/sdk/2.0.0/src/rp2_common/pico_stdio_usb/stdio_usb.c.obj
 .rodata.str1.4
                0x10007415       0x13 CMakeFiles/HCSR04-Ultraschallsensor.dir/C_/Users/yoshi/.pico-sdk/sdk/2.0.0/src/rp2_common/pico_stdio_usb/stdio_usb.c.obj
 *fill*         0x10007415        0x3 
 .rodata.__bi_197.1
                0x10007418        0xc CMakeFiles/HCSR04-Ultraschallsensor.dir/C_/Users/yoshi/.pico-sdk/sdk/2.0.0/src/rp2_common/pico_stdio_usb/stdio_usb.c.obj
 .rodata.__func__.2
                0x10007424        0xf CMakeFiles/HCSR04-Ultraschallsensor.dir/C_/Users/yoshi/.pico-sdk/sdk/2.0.0/src/rp2_common/pico_stdio_usb/stdio_usb.c.obj
 .rodata.str1.4
                0x10007433       0x2a CMakeFiles/HCSR04-Ultraschallsensor.dir/C_/Users/yoshi/.pico-sdk/sdk/2.0.0/src/rp2_common/pico_stdio_usb/stdio_usb_descriptors.c.obj
 *fill*         0x10007433        0x1 
 .rodata.usbd_desc_str
                0x10007434       0x18 CMakeFiles/HCSR04-Ultraschallsensor.dir/C_/Users/yoshi/.pico-sdk/sdk/2.0.0/src/rp2_common/pico_stdio_usb/stdio_usb_descriptors.c.obj
 .rodata.usbd_desc_cfg
                0x1000744c       0x54 CMakeFiles/HCSR04-Ultraschallsensor.dir/C_/Users/yoshi/.pico-sdk/sdk/2.0.0/src/rp2_common/pico_stdio_usb/stdio_usb_descriptors.c.obj
 .rodata.usbd_desc_device
                0x100074a0       0x12 CMakeFiles/HCSR04-Ultraschallsensor.dir/C_/Users/yoshi/.pico-sdk/sdk/2.0.0/src/rp2_common/pico_stdio_usb/stdio_usb_descriptors.c.obj
 .rodata.pico_get_unique_board_id_string.str1.4
                0x100074b2       0x55 CMakeFiles/HCSR04-Ultraschallsensor.dir/C_/Users/yoshi/.pico-sdk/sdk/2.0.0/src/rp2_common/pico_unique_id/unique_id.c.obj
 *fill*         0x100074b2        0x2 
 .rodata.__func__.0
                0x100074b4       0x20 CMakeFiles/HCSR04-Ultraschallsensor.dir/C_/Users/yoshi/.pico-sdk/sdk/2.0.0/src/rp2_common/pico_unique_id/unique_id.c.obj
 .rodata.str1.4
                0x100074d4      0x199 CMakeFiles/HCSR04-Ultraschallsensor.dir/C_/Users/yoshi/.pico-sdk/sdk/2.0.0/src/rp2_common/hardware_flash/flash.c.obj
 .rodata.__func__.0
                0x100074d4        0xd CMakeFiles/HCSR04-Ultraschallsensor.dir/C_/Users/yoshi/.pico-sdk/sdk/2.0.0/src/rp2_common/hardware_flash/flash.c.obj
 .rodata._hw_endpoint_alloc.str1.4
                0x100074e1       0xbd CMakeFiles/HCSR04-Ultraschallsensor.dir/C_/Users/yoshi/.pico-sdk/sdk/2.0.0/lib/tinyusb/src/portable/raspberrypi/rp2040/dcd_rp2040.c.obj
 .rodata.str1.4
                0x100074e1       0x14 CMakeFiles/HCSR04-Ultraschallsensor.dir/C_/Users/yoshi/.pico-sdk/sdk/2.0.0/lib/tinyusb/src/portable/raspberrypi/rp2040/dcd_rp2040.c.obj
 .rodata.dcd_int_enable.str1.4
                0x100074e1        0xc CMakeFiles/HCSR04-Ultraschallsensor.dir/C_/Users/yoshi/.pico-sdk/sdk/2.0.0/lib/tinyusb/src/portable/raspberrypi/rp2040/dcd_rp2040.c.obj
 *fill*         0x100074e1        0x3 
 .rodata.__func__.0
                0x100074e4        0xe CMakeFiles/HCSR04-Ultraschallsensor.dir/C_/Users/yoshi/.pico-sdk/sdk/2.0.0/lib/tinyusb/src/portable/raspberrypi/rp2040/dcd_rp2040.c.obj
 *fill*         0x100074f2        0x2 
 .rodata.__func__.1
                0x100074f4        0xe CMakeFiles/HCSR04-Ultraschallsensor.dir/C_/Users/yoshi/.pico-sdk/sdk/2.0.0/lib/tinyusb/src/portable/raspberrypi/rp2040/dcd_rp2040.c.obj
 *fill*         0x10007502        0x2 
 .rodata.__func__.3
                0x10007504       0x10 CMakeFiles/HCSR04-Ultraschallsensor.dir/C_/Users/yoshi/.pico-sdk/sdk/2.0.0/lib/tinyusb/src/portable/raspberrypi/rp2040/dcd_rp2040.c.obj
 .rodata.__func__.5
                0x10007514        0xf CMakeFiles/HCSR04-Ultraschallsensor.dir/C_/Users/yoshi/.pico-sdk/sdk/2.0.0/lib/tinyusb/src/portable/raspberrypi/rp2040/dcd_rp2040.c.obj
 *fill*         0x10007523        0x1 
 .rodata.__func__.6
                0x10007524       0x13 CMakeFiles/HCSR04-Ultraschallsensor.dir/C_/Users/yoshi/.pico-sdk/sdk/2.0.0/lib/tinyusb/src/portable/raspberrypi/rp2040/dcd_rp2040.c.obj
 *fill*         0x10007537        0x1 
 .rodata.__func__.7
                0x10007538        0x9 CMakeFiles/HCSR04-Ultraschallsensor.dir/C_/Users/yoshi/.pico-sdk/sdk/2.0.0/lib/tinyusb/src/portable/raspberrypi/rp2040/dcd_rp2040.c.obj
 .rodata.str1.4
                0x10007541       0xe4 CMakeFiles/HCSR04-Ultraschallsensor.dir/C_/Users/yoshi/.pico-sdk/sdk/2.0.0/lib/tinyusb/src/portable/raspberrypi/rp2040/rp2040_usb.c.obj
 .rodata.hw_endpoint_xfer_start.str1.4
                0x10007541       0x38 CMakeFiles/HCSR04-Ultraschallsensor.dir/C_/Users/yoshi/.pico-sdk/sdk/2.0.0/lib/tinyusb/src/portable/raspberrypi/rp2040/rp2040_usb.c.obj
 *fill*         0x10007541        0x3 
 .rodata.__func__.0
                0x10007544        0xf CMakeFiles/HCSR04-Ultraschallsensor.dir/C_/Users/yoshi/.pico-sdk/sdk/2.0.0/lib/tinyusb/src/portable/raspberrypi/rp2040/rp2040_usb.c.obj
 .rodata.configuration_reset.str1.4
                0x10007553       0x17 CMakeFiles/HCSR04-Ultraschallsensor.dir/C_/Users/yoshi/.pico-sdk/sdk/2.0.0/lib/tinyusb/src/device/usbd.c.obj
 *fill*         0x10007553        0x1 
 .rodata.process_get_descriptor
                0x10007554       0x40 CMakeFiles/HCSR04-Ultraschallsensor.dir/C_/Users/yoshi/.pico-sdk/sdk/2.0.0/lib/tinyusb/src/device/usbd.c.obj
 .rodata        0x10007594       0x1c CMakeFiles/HCSR04-Ultraschallsensor.dir/C_/Users/yoshi/.pico-sdk/sdk/2.0.0/lib/tinyusb/src/device/usbd.c.obj
 .rodata.process_control_request
                0x100075b0       0x28 CMakeFiles/HCSR04-Ultraschallsensor.dir/C_/Users/yoshi/.pico-sdk/sdk/2.0.0/lib/tinyusb/src/device/usbd.c.obj
 .rodata.tud_task_ext
                0x100075d8       0x24 CMakeFiles/HCSR04-Ultraschallsensor.dir/C_/Users/yoshi/.pico-sdk/sdk/2.0.0/lib/tinyusb/src/device/usbd.c.obj
 .rodata.__func__.4
                0x100075fc        0xf CMakeFiles/HCSR04-Ultraschallsensor.dir/C_/Users/yoshi/.pico-sdk/sdk/2.0.0/lib/tinyusb/src/device/usbd.c.obj
 *fill*         0x1000760b        0x1 
 .rodata.__func__.5
                0x1000760c        0xf CMakeFiles/HCSR04-Ultraschallsensor.dir/C_/Users/yoshi/.pico-sdk/sdk/2.0.0/lib/tinyusb/src/device/usbd.c.obj
 *fill*         0x1000761b        0x1 
 .rodata.__func__.6
                0x1000761c       0x14 CMakeFiles/HCSR04-Ultraschallsensor.dir/C_/Users/yoshi/.pico-sdk/sdk/2.0.0/lib/tinyusb/src/device/usbd.c.obj
 .rodata.__func__.7
                0x10007630        0xc CMakeFiles/HCSR04-Ultraschallsensor.dir/C_/Users/yoshi/.pico-sdk/sdk/2.0.0/lib/tinyusb/src/device/usbd.c.obj
 .rodata.__func__.8
                0x1000763c       0x17 CMakeFiles/HCSR04-Ultraschallsensor.dir/C_/Users/yoshi/.pico-sdk/sdk/2.0.0/lib/tinyusb/src/device/usbd.c.obj
 *fill*         0x10007653        0x1 
 .rodata.__func__.9
                0x10007654       0x13 CMakeFiles/HCSR04-Ultraschallsensor.dir/C_/Users/yoshi/.pico-sdk/sdk/2.0.0/lib/tinyusb/src/device/usbd.c.obj
 *fill*         0x10007667        0x1 
 .rodata.__func__.10
                0x10007668       0x18 CMakeFiles/HCSR04-Ultraschallsensor.dir/C_/Users/yoshi/.pico-sdk/sdk/2.0.0/lib/tinyusb/src/device/usbd.c.obj
 .rodata.__func__.11
                0x10007680       0x14 CMakeFiles/HCSR04-Ultraschallsensor.dir/C_/Users/yoshi/.pico-sdk/sdk/2.0.0/lib/tinyusb/src/device/usbd.c.obj
 .rodata.__func__.12
                0x10007694        0xd CMakeFiles/HCSR04-Ultraschallsensor.dir/C_/Users/yoshi/.pico-sdk/sdk/2.0.0/lib/tinyusb/src/device/usbd.c.obj
 *fill*         0x100076a1        0x3 
 .rodata.__func__.13
                0x100076a4        0x9 CMakeFiles/HCSR04-Ultraschallsensor.dir/C_/Users/yoshi/.pico-sdk/sdk/2.0.0/lib/tinyusb/src/device/usbd.c.obj
 *fill*         0x100076ad        0x3 
 .rodata._usbd_driver
                0x100076b0       0x40 CMakeFiles/HCSR04-Ultraschallsensor.dir/C_/Users/yoshi/.pico-sdk/sdk/2.0.0/lib/tinyusb/src/device/usbd.c.obj
 .rodata.tud_control_xfer.str1.4
                0x100076f0       0x17 CMakeFiles/HCSR04-Ultraschallsensor.dir/C_/Users/yoshi/.pico-sdk/sdk/2.0.0/lib/tinyusb/src/device/usbd_control.c.obj
 .rodata.__func__.0
                0x100076f0       0x15 CMakeFiles/HCSR04-Ultraschallsensor.dir/C_/Users/yoshi/.pico-sdk/sdk/2.0.0/lib/tinyusb/src/device/usbd_control.c.obj
 *fill*         0x10007705        0x3 
 .rodata.__func__.1
                0x10007708       0x11 CMakeFiles/HCSR04-Ultraschallsensor.dir/C_/Users/yoshi/.pico-sdk/sdk/2.0.0/lib/tinyusb/src/device/usbd_control.c.obj
 .rodata.tud_cdc_n_write_flush.str1.4
                0x10007719       0x17 CMakeFiles/HCSR04-Ultraschallsensor.dir/C_/Users/yoshi/.pico-sdk/sdk/2.0.0/lib/tinyusb/src/class/cdc/cdc_device.c.obj
 *fill*         0x10007719        0x3 
 .rodata.__func__.0
                0x1000771c        0xd CMakeFiles/HCSR04-Ultraschallsensor.dir/C_/Users/yoshi/.pico-sdk/sdk/2.0.0/lib/tinyusb/src/class/cdc/cdc_device.c.obj
 *fill*         0x10007729        0x3 
 .rodata.__func__.1
                0x1000772c        0xa CMakeFiles/HCSR04-Ultraschallsensor.dir/C_/Users/yoshi/.pico-sdk/sdk/2.0.0/lib/tinyusb/src/class/cdc/cdc_device.c.obj